
> ai-visibility-engine@1.0.0 build
> vite build && node ./scripts/prerender-routes.mjs

[36mvite v7.3.1 [32mbuilding client environment for production...[36m[39m
transforming...
[32mΓ£ô[39m 4248 modules transformed.
Circular chunk: vendor -> react-dom -> vendor. Please adjust the manual chunk logic for these chunks.
rendering chunks...
computing gzip size...
[2mdist/[22m[32mindex.html                                              [39m[1m[2m 28.23 kB[22m[1m[22m[2m Γöé gzip:   7.54 kB[22m
[2mdist/[22m[35massets/ServerHeadersPage-BRYetETF.css                   [39m[1m[2m  1.95 kB[22m[1m[22m[2m Γöé gzip:   0.69 kB[22m
[2mdist/[22m[35massets/index-slDxw4uJ.css                               [39m[1m[2m188.94 kB[22m[1m[22m[2m Γöé gzip:  30.12 kB[22m
[2mdist/[22m[36massets/constants-Df6JqN_T.js                            [39m[1m[2m  0.07 kB[22m[1m[22m[2m Γöé gzip:   0.09 kB[22m
[2mdist/[22m[36massets/safeHref-D-0Mbtdj.js                             [39m[1m[2m  0.31 kB[22m[1m[22m[2m Γöé gzip:   0.22 kB[22m
[2mdist/[22m[36massets/Card-BBnVGAB9.js                                 [39m[1m[2m  0.34 kB[22m[1m[22m[2m Γöé gzip:   0.22 kB[22m
[2mdist/[22m[36massets/formStyles-BMkdRVTu.js                           [39m[1m[2m  0.37 kB[22m[1m[22m[2m Γöé gzip:   0.23 kB[22m
[2mdist/[22m[36massets/targetKey-_cccmIF5.js                            [39m[1m[2m  0.45 kB[22m[1m[22m[2m Γöé gzip:   0.29 kB[22m
[2mdist/[22m[36massets/AuditEngineIcon-ClyQ_Z3P.js                      [39m[1m[2m  0.67 kB[22m[1m[22m[2m Γöé gzip:   0.39 kB[22m
[2mdist/[22m[36massets/ResetAuth-6i7QNPRM.js                            [39m[1m[2m  0.71 kB[22m[1m[22m[2m Γöé gzip:   0.40 kB[22m
[2mdist/[22m[36massets/ContentBlueprintIcon-Cm7y94w1.js                 [39m[1m[2m  0.74 kB[22m[1m[22m[2m Γöé gzip:   0.40 kB[22m
[2mdist/[22m[36massets/platformNarrative-BKnK6cYX.js                    [39m[1m[2m  0.77 kB[22m[1m[22m[2m Γöé gzip:   0.49 kB[22m
[2mdist/[22m[36massets/AutoFix PRIcon-UbqsCo9i.js                         [39m[1m[2m  0.81 kB[22m[1m[22m[2m Γöé gzip:   0.41 kB[22m
[2mdist/[22m[36massets/referralShare-l81RHXzk.js                        [39m[1m[2m  0.97 kB[22m[1m[22m[2m Γöé gzip:   0.56 kB[22m
[2mdist/[22m[36massets/AppPageFrame-DcAVhqAf.js                         [39m[1m[2m  1.16 kB[22m[1m[22m[2m Γöé gzip:   0.57 kB[22m
[2mdist/[22m[36massets/PaymentCanceledPage-DupTA4jK.js                  [39m[1m[2m  1.18 kB[22m[1m[22m[2m Γöé gzip:   0.55 kB[22m
[2mdist/[22m[36massets/PlatformShiftBanner-Cv80GWks.js                  [39m[1m[2m  1.25 kB[22m[1m[22m[2m Γöé gzip:   0.57 kB[22m
[2mdist/[22m[36massets/PublicPageFrame-DEKOs89v.js                      [39m[1m[2m  1.37 kB[22m[1m[22m[2m Γöé gzip:   0.66 kB[22m
[2mdist/[22m[36massets/NotFound-DJadEnDE.js                             [39m[1m[2m  1.47 kB[22m[1m[22m[2m Γöé gzip:   0.73 kB[22m
[2mdist/[22m[36massets/analysisStore-9zQzEEjB.js                        [39m[1m[2m  1.65 kB[22m[1m[22m[2m Γöé gzip:   0.81 kB[22m
[2mdist/[22m[36massets/PaymentSuccessPage-DmALra45.js                   [39m[1m[2m  1.68 kB[22m[1m[22m[2m Γöé gzip:   0.79 kB[22m
[2mdist/[22m[36massets/PartnershipTermsPage-n_puvQQY.js                 [39m[1m[2m  2.07 kB[22m[1m[22m[2m Γöé gzip:   0.95 kB[22m
[2mdist/[22m[36massets/state-aIdmgoPh.js                                [39m[1m[2m  2.69 kB[22m[1m[22m[2m Γöé gzip:   1.33 kB[22m
[2mdist/[22m[36massets/PlatformProofLoopCard-B_eWw24D.js                [39m[1m[2m  2.76 kB[22m[1m[22m[2m Γöé gzip:   0.94 kB[22m
[2mdist/[22m[36massets/InviteAcceptPage-DMjxgLee.js                     [39m[1m[2m  2.81 kB[22m[1m[22m[2m Γöé gzip:   1.23 kB[22m
[2mdist/[22m[36massets/usePageMeta-xS_tnVeR.js                          [39m[1m[2m  2.89 kB[22m[1m[22m[2m Γöé gzip:   1.21 kB[22m
[2mdist/[22m[36massets/ChangelogPage-CjIV6Ftf.js                        [39m[1m[2m  2.97 kB[22m[1m[22m[2m Γöé gzip:   1.29 kB[22m
[2mdist/[22m[36massets/ResetPassword-C2fKG5Gw.js                        [39m[1m[2m  3.20 kB[22m[1m[22m[2m Γöé gzip:   1.23 kB[22m
[2mdist/[22m[36massets/UpgradeWall-DFgtYrZm.js                          [39m[1m[2m  3.37 kB[22m[1m[22m[2m Γöé gzip:   1.50 kB[22m
[2mdist/[22m[36massets/api-CcRWuWQE.js                                  [39m[1m[2m  3.45 kB[22m[1m[22m[2m Γöé gzip:   1.14 kB[22m
[2mdist/[22m[36massets/GeoAIRanking2026-D9LzJ_d2.js                     [39m[1m[2m  3.50 kB[22m[1m[22m[2m Γöé gzip:   1.30 kB[22m
[2mdist/[22m[36massets/AEOPlaybook2026-BVCbBmaP.js                      [39m[1m[2m  3.79 kB[22m[1m[22m[2m Γöé gzip:   1.38 kB[22m
[2mdist/[22m[36massets/seoSchema-B4YFhvfl.js                            [39m[1m[2m  3.79 kB[22m[1m[22m[2m Γöé gzip:   1.47 kB[22m
[2mdist/[22m[36massets/CompareProfoundPage-JvSQRzMA.js                  [39m[1m[2m  4.09 kB[22m[1m[22m[2m Γöé gzip:   1.42 kB[22m
[2mdist/[22m[36massets/VerifyEmailPage-Bl9QLYT-.js                      [39m[1m[2m  4.32 kB[22m[1m[22m[2m Γöé gzip:   1.74 kB[22m
[2mdist/[22m[36massets/VerifyLicensePage-C_nsrM1a.js                    [39m[1m[2m  4.38 kB[22m[1m[22m[2m Γöé gzip:   1.53 kB[22m
[2mdist/[22m[36massets/CompareReauditPage-as16Sp0O.js                   [39m[1m[2m  4.40 kB[22m[1m[22m[2m Γöé gzip:   1.57 kB[22m
[2mdist/[22m[36massets/PressPage-DEOfFAE-.js                            [39m[1m[2m  4.47 kB[22m[1m[22m[2m Γöé gzip:   1.63 kB[22m
[2mdist/[22m[36massets/InsightsPage-CasaFj6T.js                         [39m[1m[2m  4.60 kB[22m[1m[22m[2m Γöé gzip:   1.67 kB[22m
[2mdist/[22m[36massets/CompareOtterlyPage-DzOtXazD.js                   [39m[1m[2m  5.30 kB[22m[1m[22m[2m Γöé gzip:   1.77 kB[22m
[2mdist/[22m[36massets/NotificationPreferencesPanel-DxscfLIp.js         [39m[1m[2m  5.76 kB[22m[1m[22m[2m Γöé gzip:   2.01 kB[22m
[2mdist/[22m[36massets/FAQ-Bm1sv4Xs.js                                  [39m[1m[2m  5.90 kB[22m[1m[22m[2m Γöé gzip:   2.60 kB[22m
[2mdist/[22m[36massets/ComparisonPage-CDqo0580.js                       [39m[1m[2m  5.96 kB[22m[1m[22m[2m Γöé gzip:   1.77 kB[22m
[2mdist/[22m[36massets/ConversationalQueryPlaybook2026-BeyID1Be.js      [39m[1m[2m  6.81 kB[22m[1m[22m[2m Γöé gzip:   2.32 kB[22m
[2mdist/[22m[36massets/CompliancePage-CZwqW-17.js                       [39m[1m[2m  6.98 kB[22m[1m[22m[2m Γöé gzip:   2.04 kB[22m
[2mdist/[22m[36massets/NotificationsPage-VhPYQs8d.js                    [39m[1m[2m  7.10 kB[22m[1m[22m[2m Γöé gzip:   2.30 kB[22m
[2mdist/[22m[36massets/Landing-CMY-dAif.js                              [39m[1m[2m  7.13 kB[22m[1m[22m[2m Γöé gzip:   2.48 kB[22m
[2mdist/[22m[36massets/Dashboard-FfBtRZtw.js                            [39m[1m[2m  7.55 kB[22m[1m[22m[2m Γöé gzip:   2.58 kB[22m
[2mdist/[22m[36massets/insights-CIWig624.js                             [39m[1m[2m  7.62 kB[22m[1m[22m[2m Γöé gzip:   2.84 kB[22m
[2mdist/[22m[36massets/BlogPostPage--Uq3nUxN.js                         [39m[1m[2m  7.69 kB[22m[1m[22m[2m Γöé gzip:   2.61 kB[22m
[2mdist/[22m[36massets/AISearchVisibility2026-C7Ih1lXf.js               [39m[1m[2m  7.90 kB[22m[1m[22m[2m Γöé gzip:   2.61 kB[22m
[2mdist/[22m[36massets/VoiceSearchAIAnswerOptimization2026-CnMemZCB.js  [39m[1m[2m  8.47 kB[22m[1m[22m[2m Γöé gzip:   2.31 kB[22m
[2mdist/[22m[36massets/BlogsPage-hkX-bI3H.js                            [39m[1m[2m  8.70 kB[22m[1m[22m[2m Γöé gzip:   2.71 kB[22m
[2mdist/[22m[36massets/ContentExtractabilityPage-Ck8ZQDh3.js            [39m[1m[2m  8.92 kB[22m[1m[22m[2m Γöé gzip:   2.85 kB[22m
[2mdist/[22m[36massets/SchemaValidatorPage-Cr-sESTH.js                  [39m[1m[2m  9.05 kB[22m[1m[22m[2m Γöé gzip:   2.80 kB[22m
[2mdist/[22m[36massets/AuditDetails-DslFiwz0.js                         [39m[1m[2m  9.52 kB[22m[1m[22m[2m Γöé gzip:   2.72 kB[22m
[2mdist/[22m[36massets/RobotsCheckerPage-CzZlXpCv.js                    [39m[1m[2m  9.63 kB[22m[1m[22m[2m Γöé gzip:   2.86 kB[22m
[2mdist/[22m[36massets/MethodologyPage-ym6PMD7W.js                      [39m[1m[2m 10.63 kB[22m[1m[22m[2m Γöé gzip:   3.51 kB[22m
[2mdist/[22m[36massets/AnswerPresencePage-DbRekEe6.js                   [39m[1m[2m 10.72 kB[22m[1m[22m[2m Γöé gzip:   3.37 kB[22m
[2mdist/[22m[36massets/SiteCrawlPage-CC9ePtUC.js                        [39m[1m[2m 10.97 kB[22m[1m[22m[2m Γöé gzip:   3.37 kB[22m
[2mdist/[22m[36massets/PromptIntelligencePage-tNMWangw.js               [39m[1m[2m 11.08 kB[22m[1m[22m[2m Γöé gzip:   3.62 kB[22m
[2mdist/[22m[36massets/TermsPage-DAs05oWn.js                            [39m[1m[2m 11.12 kB[22m[1m[22m[2m Γöé gzip:   3.73 kB[22m
[2mdist/[22m[36massets/CompareRankScalePage-BTV7Kdqp.js                 [39m[1m[2m 13.02 kB[22m[1m[22m[2m Γöé gzip:   3.82 kB[22m
[2mdist/[22m[36massets/PrivacyPage-DRR5ZCc4.js                          [39m[1m[2m 13.07 kB[22m[1m[22m[2m Γöé gzip:   4.01 kB[22m
[2mdist/[22m[36massets/ApiDocsPage-UDcDrsLQ.js                          [39m[1m[2m 13.39 kB[22m[1m[22m[2m Γöé gzip:   3.87 kB[22m
[2mdist/[22m[36massets/AgencyPage-Cy3ZfVNO.js                           [39m[1m[2m 13.86 kB[22m[1m[22m[2m Γöé gzip:   4.26 kB[22m
[2mdist/[22m[36massets/CompareAhrefsPage-bVYpwjPn.js                    [39m[1m[2m 13.93 kB[22m[1m[22m[2m Γöé gzip:   4.26 kB[22m
[2mdist/[22m[36massets/Profile-CXCgo0Zk.js                              [39m[1m[2m 14.16 kB[22m[1m[22m[2m Γöé gzip:   4.10 kB[22m
[2mdist/[22m[36massets/CompareSemrushPage-rhDmWzeK.js                   [39m[1m[2m 14.33 kB[22m[1m[22m[2m Γöé gzip:   4.17 kB[22m
[2mdist/[22m[36massets/CompetitiveLandscapePage-BLi3a4ja.js             [39m[1m[2m 14.42 kB[22m[1m[22m[2m Γöé gzip:   4.40 kB[22m
[2mdist/[22m[36massets/IntegrationsHubPage-D1DpqotO.js                  [39m[1m[2m 15.12 kB[22m[1m[22m[2m Γöé gzip:   3.96 kB[22m
[2mdist/[22m[36massets/WhyAIVisibility-DLR0ogWU.js                      [39m[1m[2m 15.34 kB[22m[1m[22m[2m Γöé gzip:   4.50 kB[22m
[2mdist/[22m[36massets/BrandIntegrityPage-BDR2oQYQ.js                   [39m[1m[2m 15.42 kB[22m[1m[22m[2m Γöé gzip:   4.57 kB[22m
[2mdist/[22m[36massets/GlossaryPage-BafxrGN8.js                         [39m[1m[2m 16.35 kB[22m[1m[22m[2m Γöé gzip:   5.71 kB[22m
[2mdist/[22m[36massets/ReferralsPage-CHDQBGNC.js                        [39m[1m[2m 17.16 kB[22m[1m[22m[2m Γöé gzip:   4.66 kB[22m
[2mdist/[22m[36massets/AiVisibilityBenchmark-BfWP_Hbt.js                [39m[1m[2m 17.50 kB[22m[1m[22m[2m Γöé gzip:   4.76 kB[22m
[2mdist/[22m[36massets/TextSummaryView-CEUKY2NV.js                      [39m[1m[2m 17.78 kB[22m[1m[22m[2m Γöé gzip:   5.60 kB[22m
[2mdist/[22m[36massets/GuidePage-BOO1sHVs.js                            [39m[1m[2m 18.89 kB[22m[1m[22m[2m Γöé gzip:   5.04 kB[22m
[2mdist/[22m[36massets/AboutPage-DxhrAEO5.js                            [39m[1m[2m 19.37 kB[22m[1m[22m[2m Γöé gzip:   4.86 kB[22m
[2mdist/[22m[36massets/NicheDiscoveryPage-DZPpW_yP.js                   [39m[1m[2m 20.12 kB[22m[1m[22m[2m Γöé gzip:   5.09 kB[22m
[2mdist/[22m[36massets/GscConsolePage-DDk1zBFb.js                       [39m[1m[2m 20.86 kB[22m[1m[22m[2m Γöé gzip:   6.22 kB[22m
[2mdist/[22m[36massets/IndexingPage-CdhKbwbO.js                         [39m[1m[2m 22.55 kB[22m[1m[22m[2m Γöé gzip:   5.80 kB[22m
[2mdist/[22m[36massets/ServerHeadersPage-vndW-vdb.js                    [39m[1m[2m 24.58 kB[22m[1m[22m[2m Γöé gzip:   6.31 kB[22m
[2mdist/[22m[36massets/PublicReportPage-azkQKIlT.js                     [39m[1m[2m 24.63 kB[22m[1m[22m[2m Γöé gzip:   6.84 kB[22m
[2mdist/[22m[36massets/KeywordsPage-BrTTtpLU.js                         [39m[1m[2m 24.82 kB[22m[1m[22m[2m Γöé gzip:   7.02 kB[22m
[2mdist/[22m[36massets/AuthPage-CmSzZT4u.js                             [39m[1m[2m 25.35 kB[22m[1m[22m[2m Γöé gzip:   6.50 kB[22m
[2mdist/[22m[36massets/PricingPage-CXg3EbHU.js                          [39m[1m[2m 25.67 kB[22m[1m[22m[2m Γöé gzip:   8.05 kB[22m
[2mdist/[22m[36massets/Admin-CJMqd0Z2.js                                [39m[1m[2m 27.28 kB[22m[1m[22m[2m Γöé gzip:   6.13 kB[22m
[2mdist/[22m[36massets/TeamPage-ByyWkQES.js                             [39m[1m[2m 28.33 kB[22m[1m[22m[2m Γöé gzip:   6.08 kB[22m
[2mdist/[22m[36massets/AutoFix PRPage-Dgf-TLq9.js                         [39m[1m[2m 29.35 kB[22m[1m[22m[2m Γöé gzip:   8.08 kB[22m
[2mdist/[22m[36massets/McpConsolePage-bvhqqZqr.js                       [39m[1m[2m 30.70 kB[22m[1m[22m[2m Γöé gzip:   6.65 kB[22m
[2mdist/[22m[36massets/PlatformWorkflowPage-X2AGy4oR.js                 [39m[1m[2m 32.52 kB[22m[1m[22m[2m Γöé gzip:   8.08 kB[22m
[2mdist/[22m[36massets/BillingPage-DbpOgclV.js                          [39m[1m[2m 36.43 kB[22m[1m[22m[2m Γöé gzip:   8.87 kB[22m
[2mdist/[22m[36massets/router-Cz2wl30G.js                               [39m[1m[2m 37.25 kB[22m[1m[22m[2m Γöé gzip:  13.41 kB[22m
[2mdist/[22m[36massets/CitationsPage-DMnkD7JS.js                        [39m[1m[2m 37.42 kB[22m[1m[22m[2m Γöé gzip:  10.24 kB[22m
[2mdist/[22m[36massets/SettingsPage-D1TXuyH1.js                         [39m[1m[2m 38.39 kB[22m[1m[22m[2m Γöé gzip:  10.07 kB[22m
[2mdist/[22m[36massets/icons-bkP7AVFS.js                                [39m[1m[2m 40.02 kB[22m[1m[22m[2m Γöé gzip:  12.96 kB[22m
[2mdist/[22m[36massets/AdvancedFeaturesPanel-JOmOhf3_.js                [39m[1m[2m 43.82 kB[22m[1m[22m[2m Γöé gzip:  12.09 kB[22m
[2mdist/[22m[36massets/CompetitorsPage-CIBjw3hx.js                      [39m[1m[2m 45.43 kB[22m[1m[22m[2m Γöé gzip:  11.10 kB[22m
[2mdist/[22m[36massets/ReportsPage-DxUUOu7Q.js                          [39m[1m[2m 51.19 kB[22m[1m[22m[2m Γöé gzip:  14.16 kB[22m
[2mdist/[22m[36massets/CitationTracker-Bp1LMWma.js                      [39m[1m[2m 62.02 kB[22m[1m[22m[2m Γöé gzip:  13.92 kB[22m
[2mdist/[22m[36massets/chart-deps-DwXOT-wa.js                           [39m[1m[2m 62.44 kB[22m[1m[22m[2m Γöé gzip:  20.60 kB[22m
[2mdist/[22m[36massets/AnalyticsPage-Zc5WI_80.js                        [39m[1m[2m 70.54 kB[22m[1m[22m[2m Γöé gzip:  16.59 kB[22m
[2mdist/[22m[36massets/ReverseEngineerPage-Ce_sFQvn.js                  [39m[1m[2m 77.29 kB[22m[1m[22m[2m Γöé gzip:  17.01 kB[22m
[2mdist/[22m[36massets/HelpCenter-BzQO9WaQ.js                           [39m[1m[2m 88.92 kB[22m[1m[22m[2m Γöé gzip:  22.79 kB[22m
[2mdist/[22m[36massets/index-Ozehm7pz.js                                [39m[1m[2m142.22 kB[22m[1m[22m[2m Γöé gzip:  41.12 kB[22m
[2mdist/[22m[36massets/AnalyzePage-CDXNXN-O.js                          [39m[1m[2m144.68 kB[22m[1m[22m[2m Γöé gzip:  34.42 kB[22m
[2mdist/[22m[36massets/react-dom-Blryf1Xp.js                            [39m[1m[2m180.52 kB[22m[1m[22m[2m Γöé gzip:  56.35 kB[22m
[2mdist/[22m[36massets/blogs-CxK-0LiB.js                                [39m[1m[2m275.23 kB[22m[1m[22m[2m Γöé gzip:  85.84 kB[22m
[2mdist/[22m[36massets/recharts-A4GE1uPT.js                             [39m[1m[2m311.28 kB[22m[1m[22m[2m Γöé gzip:  78.45 kB[22m
[2mdist/[22m[36massets/vendor-DdYPhK5i.js                               [39m[1m[2m408.51 kB[22m[1m[22m[2m Γöé gzip: 138.64 kB[22m
[32mΓ£ô built in 42.94s[39m
[prerender] wrote C:\Users\Ma$e\Desktop\aivis\aivis\client\dist\index.html
[prerender] wrote C:\Users\Ma$e\Desktop\aivis\aivis\client\dist\landing\index.html
[prerender] wrote C:\Users\Ma$e\Desktop\aivis\aivis\client\dist\pricing\index.html
[prerender] wrote C:\Users\Ma$e\Desktop\aivis\aivis\client\dist\analyze\index.html
[prerender] wrote C:\Users\Ma$e\Desktop\aivis\aivis\client\dist\faq\index.html
[prerender] wrote C:\Users\Ma$e\Desktop\aivis\aivis\client\dist\guide\index.html
[prerender] wrote C:\Users\Ma$e\Desktop\aivis\aivis\client\dist\workflow\index.html
[prerender] wrote C:\Users\Ma$e\Desktop\aivis\aivis\client\dist\methodology\index.html
[prerender] wrote C:\Users\Ma$e\Desktop\aivis\aivis\client\dist\insights\index.html
[prerender] wrote C:\Users\Ma$e\Desktop\aivis\aivis\client\dist\blogs\index.html
[prerender] wrote C:\Users\Ma$e\Desktop\aivis\aivis\client\dist\blogs\why-i-built-aivis-when-i-realized-most-websites-are-invisible-to-ai\index.html
[prerender] wrote C:\Users\Ma$e\Desktop\aivis\aivis\client\dist\blogs\before-you-build-another-saas-run-this-30-second-reality-check\index.html
[prerender] wrote C:\Users\Ma$e\Desktop\aivis\aivis\client\dist\blogs\answer-engine-optimization-2026-why-citation-readiness-matters\index.html
[prerender] wrote C:\Users\Ma$e\Desktop\aivis\aivis\client\dist\blogs\why-traditional-seo-tactics-fail-for-ai-visibility\index.html
[prerender] wrote C:\Users\Ma$e\Desktop\aivis\aivis\client\dist\blogs\building-author-authority-for-citations-e-e-a-t-in-ai-era\index.html
[prerender] wrote C:\Users\Ma$e\Desktop\aivis\aivis\client\dist\blogs\how-llms-parse-your-content-technical-breakdown\index.html
[prerender] wrote C:\Users\Ma$e\Desktop\aivis\aivis\client\dist\blogs\geo-adaptive-ai-ranking-location-intelligence-shapes-answers\index.html
[prerender] wrote C:\Users\Ma$e\Desktop\aivis\aivis\client\dist\blogs\from-invisible-to-cited-case-study-brand-citation-growth\index.html
[prerender] wrote C:\Users\Ma$e\Desktop\aivis\aivis\client\dist\blogs\google-search-console-data-ai-visibility-monitoring\index.html
[prerender] wrote C:\Users\Ma$e\Desktop\aivis\aivis\client\dist\blogs\7-step-implementation-roadmap-audit-to-live-citations-30-days\index.html
[prerender] wrote C:\Users\Ma$e\Desktop\aivis\aivis\client\dist\blogs\google-search-console-2026-what-actually-matters-now\index.html
[prerender] wrote C:\Users\Ma$e\Desktop\aivis\aivis\client\dist\blogs\the-river-changed-direction-why-ai-answer-engines-rewrote-the-web\index.html
[prerender] wrote C:\Users\Ma$e\Desktop\aivis\aivis\client\dist\blogs\webmcp-is-the-protocol-seo-aeo-geo-never-had\index.html
[prerender] wrote C:\Users\Ma$e\Desktop\aivis\aivis\client\dist\blogs\aivis-api-access-explained-build-on-the-visibility-layer\index.html
[prerender] wrote C:\Users\Ma$e\Desktop\aivis\aivis\client\dist\blogs\aivis-platform-source-of-truth-every-feature-and-tool-explained\index.html
[prerender] wrote C:\Users\Ma$e\Desktop\aivis\aivis\client\dist\blogs\why-aivis-is-different-from-every-other-seo-aeo-platform\index.html
[prerender] wrote C:\Users\Ma$e\Desktop\aivis\aivis\client\dist\blogs\ai-visibility-tools-2026-what-semrush-ahrefs-moz-cant-measure\index.html
[prerender] wrote C:\Users\Ma$e\Desktop\aivis\aivis\client\dist\blogs\how-to-get-cited-by-chatgpt-perplexity-gemini-ai-citation-guide\index.html
[prerender] wrote C:\Users\Ma$e\Desktop\aivis\aivis\client\dist\blogs\how-aivis-works-under-the-hood-full-technical-breakdown\index.html
[prerender] wrote C:\Users\Ma$e\Desktop\aivis\aivis\client\dist\blogs\why-agencies-and-smbs-are-switching-to-aivis-for-real-visibility\index.html
[prerender] wrote C:\Users\Ma$e\Desktop\aivis\aivis\client\dist\blogs\team-workspaces-how-aivis-handles-multi-client-agency-operations\index.html
[prerender] wrote C:\Users\Ma$e\Desktop\aivis\aivis\client\dist\blogs\citation-testing-explained-how-to-verify-ai-models-can-find-you\index.html
[prerender] wrote C:\Users\Ma$e\Desktop\aivis\aivis\client\dist\blogs\competitor-tracking-find-the-structural-gaps-and-win\index.html
[prerender] wrote C:\Users\Ma$e\Desktop\aivis\aivis\client\dist\blogs\brand-mention-tracking-where-ai-discovers-new-sources\index.html
[prerender] wrote C:\Users\Ma$e\Desktop\aivis\aivis\client\dist\blogs\ssfr-evidence-framework-the-scoring-engine-behind-aivis\index.html
[prerender] wrote C:\Users\Ma$e\Desktop\aivis\aivis\client\dist\blogs\score-fix-autopr-how-ai-opens-pull-requests-to-fix-your-visibility\index.html
[prerender] wrote C:\Users\Ma$e\Desktop\aivis\aivis\client\dist\blogs\reverse-engineering-competitors-decompile-ghost-audit-simulate\index.html
[prerender] wrote C:\Users\Ma$e\Desktop\aivis\aivis\client\dist\blogs\free-tools-schema-validator-robots-checker-content-extractability\index.html
[prerender] wrote C:\Users\Ma$e\Desktop\aivis\aivis\client\dist\blogs\scheduled-rescans-and-autopilot-monitoring-set-it-and-track-it\index.html
[prerender] wrote C:\Users\Ma$e\Desktop\aivis\aivis\client\dist\blogs\bix-boundaries-in-excess-how-guidebot-redefines-ai-platform-assistants\index.html
[prerender] wrote C:\Users\Ma$e\Desktop\aivis\aivis\client\dist\blogs\your-website-is-not-competing-for-clicks-anymore\index.html
[prerender] wrote C:\Users\Ma$e\Desktop\aivis\aivis\client\dist\why-ai-visibility\index.html
[prerender] wrote C:\Users\Ma$e\Desktop\aivis\aivis\client\dist\ai-search-visibility-2026\index.html
[prerender] wrote C:\Users\Ma$e\Desktop\aivis\aivis\client\dist\aeo-playbook-2026\index.html
[prerender] wrote C:\Users\Ma$e\Desktop\aivis\aivis\client\dist\geo-ai-ranking-2026\index.html
[prerender] wrote C:\Users\Ma$e\Desktop\aivis\aivis\client\dist\compare\index.html
[prerender] wrote C:\Users\Ma$e\Desktop\aivis\aivis\client\dist\compare\aivis-vs-otterly\index.html
[prerender] wrote C:\Users\Ma$e\Desktop\aivis\aivis\client\dist\compare\aivis-vs-reaudit\index.html
[prerender] wrote C:\Users\Ma$e\Desktop\aivis\aivis\client\dist\compare\aivis-vs-profound\index.html
[prerender] wrote C:\Users\Ma$e\Desktop\aivis\aivis\client\dist\compare\aivis-vs-semrush\index.html
[prerender] wrote C:\Users\Ma$e\Desktop\aivis\aivis\client\dist\compare\aivis-vs-ahrefs\index.html
[prerender] wrote C:\Users\Ma$e\Desktop\aivis\aivis\client\dist\compare\aivis-vs-rankscale\index.html
[prerender] wrote C:\Users\Ma$e\Desktop\aivis\aivis\client\dist\glossary\index.html
[prerender] wrote C:\Users\Ma$e\Desktop\aivis\aivis\client\dist\benchmarks\index.html
[prerender] wrote C:\Users\Ma$e\Desktop\aivis\aivis\client\dist\about\index.html
[prerender] wrote C:\Users\Ma$e\Desktop\aivis\aivis\client\dist\press\index.html
[prerender] wrote C:\Users\Ma$e\Desktop\aivis\aivis\client\dist\compliance\index.html
[prerender] wrote C:\Users\Ma$e\Desktop\aivis\aivis\client\dist\integrations\index.html
[prerender] wrote C:\Users\Ma$e\Desktop\aivis\aivis\client\dist\competitive-landscape\index.html
[prerender] wrote C:\Users\Ma$e\Desktop\aivis\aivis\client\dist\score-fix\index.html
[prerender] wrote C:\Users\Ma$e\Desktop\aivis\aivis\client\dist\api-docs\index.html
[prerender] wrote C:\Users\Ma$e\Desktop\aivis\aivis\client\dist\help\index.html
[prerender] wrote C:\Users\Ma$e\Desktop\aivis\aivis\client\dist\support\index.html
[prerender] wrote C:\Users\Ma$e\Desktop\aivis\aivis\client\dist\server-headers\index.html
[prerender] wrote C:\Users\Ma$e\Desktop\aivis\aivis\client\dist\verify-license\index.html
[prerender] wrote C:\Users\Ma$e\Desktop\aivis\aivis\client\dist\privacy\index.html
[prerender] wrote C:\Users\Ma$e\Desktop\aivis\aivis\client\dist\terms\index.html
[prerender] wrote C:\Users\Ma$e\Desktop\aivis\aivis\client\dist\changelog\index.html
[prerender] wrote C:\Users\Ma$e\Desktop\aivis\aivis\client\dist\indexing\index.html
[prerender] wrote C:\Users\Ma$e\Desktop\aivis\aivis\client\dist\tools\schema-validator\index.html
[prerender] wrote C:\Users\Ma$e\Desktop\aivis\aivis\client\dist\tools\robots-checker\index.html
[prerender] wrote C:\Users\Ma$e\Desktop\aivis\aivis\client\dist\tools\content-extractability\index.html
[prerender] wrote C:\Users\Ma$e\Desktop\aivis\aivis\client\dist\reverse-engineer\index.html
[prerender] wrote C:\Users\Ma$e\Desktop\aivis\aivis\client\dist\prompt-intelligence\index.html
[prerender] wrote C:\Users\Ma$e\Desktop\aivis\aivis\client\dist\answer-presence\index.html
[prerender] wrote C:\Users\Ma$e\Desktop\aivis\aivis\client\dist\brand-integrity\index.html
[prerender] wrote C:\Users\Ma$e\Desktop\aivis\aivis\client\dist\blogs\cannot-access-before-initialization-react-vite-production-tdz-fix\index.html
[prerender] wrote C:\Users\Ma$e\Desktop\aivis\aivis\client\dist\blogs\how-mcp-audit-workflows-change-everything-for-dev-teams\index.html
[prerender] wrote C:\Users\Ma$e\Desktop\aivis\aivis\client\dist\blogs\team-workspace-aivis-the-shared-audit-layer-builders-have-been-missing\index.html
[prerender] wrote C:\Users\Ma$e\Desktop\aivis\aivis\client\dist\blogs\webmcp-third-party-tool-calling-aivis-the-headless-audit-engine\index.html
[prerender] wrote C:\Users\Ma$e\Desktop\aivis\aivis\client\dist\blogs\answer-engine-optimization-is-not-the-new-seoits-the-big-brother\index.html
[prerender] wrote C:\Users\Ma$e\Desktop\aivis\aivis\client\dist\blogs\startups-seoaeo-in-2026-a-strategic-guide-for-the-ai-first-era\index.html
[prerender] wrote C:\Users\Ma$e\Desktop\aivis\aivis\client\dist\blogs\the-old-saas-model-was-simple\index.html
[prerender] wrote C:\Users\Ma$e\Desktop\aivis\aivis\client\dist\blogs\json-ld-schema-strategy-get-cited-by-ai-models\index.html
[prerender] wrote C:\Users\Ma$e\Desktop\aivis\aivis\client\dist\blogs\google-search-console-hiding-ai-visibility-gaps\index.html
[prerender] wrote C:\Users\Ma$e\Desktop\aivis\aivis\client\dist\blogs\answer-engine-optimization-complete-guide-small-business\index.html
[prerender] wrote C:\Users\Ma$e\Desktop\aivis\aivis\client\dist\blogs\entity-clarity-why-ai-models-cite-some-brands-ignore-others\index.html
[prerender] wrote C:\Users\Ma$e\Desktop\aivis\aivis\client\dist\blogs\how-to-audit-website-ai-readiness-10-minutes\index.html
[prerender] wrote C:\Users\Ma$e\Desktop\aivis\aivis\client\dist\blogs\death-of-click-through-rates-what-replaces-ctr-ai-answers\index.html
[prerender] wrote C:\Users\Ma$e\Desktop\aivis\aivis\client\dist\partnership-terms\index.html
[prerender] wrote C:\Users\Ma$e\Desktop\aivis\aivis\client\dist\conversational-query-playbook-2026\index.html
[prerender] wrote C:\Users\Ma$e\Desktop\aivis\aivis\client\dist\voice-search-ai-answer-optimization-2026\index.html
[prerender] wrote C:\Users\Ma$e\Desktop\aivis\aivis\client\dist\keywords\index.html
[prerender] wrote C:\Users\Ma$e\Desktop\aivis\aivis\client\dist\competitors\index.html
[prerender] wrote C:\Users\Ma$e\Desktop\aivis\aivis\client\dist\citations\index.html
[prerender] wrote C:\Users\Ma$e\Desktop\aivis\aivis\client\dist\reports\index.html
[prerender] wrote C:\Users\Ma$e\Desktop\aivis\aivis\client\dist\analytics\index.html
[prerender] wrote C:\Users\Ma$e\Desktop\aivis\aivis\client\dist\niche-discovery\index.html
[prerender] wrote C:\Users\Ma$e\Desktop\aivis\aivis\client\dist\mcp\index.html
[prerender] wrote C:\Users\Ma$e\Desktop\aivis\aivis\client\dist\gsc\index.html
[prerender] wrote C:\Users\Ma$e\Desktop\aivis\aivis\client\dist\referrals\index.html
[prerender] wrote C:\Users\Ma$e\Desktop\aivis\aivis\client\dist\team\index.html
