
> aivis-cite-ledger@1.0.0 build
> npm run build:validate && npm run build:app && npm run build:prerender


> aivis-cite-ledger@1.0.0 build:validate
> node ./scripts/validate-route-intelligence.mjs

[route-intelligence] Coverage OK for 49 app/tools routes.

> aivis-cite-ledger@1.0.0 build:app
> vite build

[36mvite v7.3.2 [32mbuilding client environment for production...[36m[39m
[Query Route Validation] Γ£ô All query canonicals valid and unique
transforming...
[32mΓ£ô[39m 2820 modules transformed.
