
> aivis-server@1.0.0 build
> npm --prefix ../client install --include=dev && npm --prefix ../client run build && node ./tools/stageClientDist.mjs && (tsc -p tsconfig.build.json || true)


up to date, audited 780 packages in 8s

204 packages are looking for funding
  run `npm fund` for details

5 vulnerabilities (1 low, 1 moderate, 3 high)

To address all issues, run:
  npm audit fix

Run `npm audit` for details.

> ai-visibility-engine@1.0.0 build
> vite build && node ./scripts/prerender-routes.mjs

[36mvite v7.3.1 [32mbuilding client environment for production...[36m[39m
transforming...
[vite:css][postcss] Gradient has outdated direction syntax. New syntax is like `closest-side at 0 0` instead of `0 0, closest-side`.
588 |    .social-pill {
589 |      border-radius: var(--app-corner-radius) !important;
590 |      border: 2px solid rgba(0, 0, 0, 0.88) !important;
    |                                               ^^^^^^^^
591 |      box-shadow: 0 2px 10px rgba(0, 0, 0, 0.28);
    |  ^^^^^^^^^^^^^^^^^^^^^^^^^^^^^^^^^^^^^^^^^^^^^^^
592 |      -webkit-text-stroke: 0.5px rgba(255,255,255,0.45);
    |  ^
[vite:css][postcss] Gradient has outdated direction syntax. New syntax is like `closest-side at 0 0` instead of `0 0, closest-side`.

[vite:css][postcss] Gradient has outdated direction syntax. New syntax is like `closest-side at 0 0` instead of `0 0, closest-side`.

[32mΓ£ô[39m 4194 modules transformed.
Circular chunk: vendor -> react-dom -> vendor. Please adjust the manual chunk logic for these chunks.
rendering chunks...
computing gzip size...
[2mdist/[22m[32mindex.html                                              [39m[1m[2m 66.11 kB[22m[1m[22m[2m Γöé gzip:  18.33 kB[22m
[2mdist/[22m[35massets/ServerHeadersPage-BRYetETF.css                   [39m[1m[2m  1.95 kB[22m[1m[22m[2m Γöé gzip:   0.69 kB[22m
[2mdist/[22m[35massets/index-Cb8jgRGd.css                               [39m[1m[2m 91.92 kB[22m[1m[22m[2m Γöé gzip:  16.68 kB[22m
[2mdist/[22m[36massets/constants-Df6JqN_T.js                            [39m[1m[2m  0.07 kB[22m[1m[22m[2m Γöé gzip:   0.09 kB[22m
[2mdist/[22m[36massets/safeHref-D-0Mbtdj.js                             [39m[1m[2m  0.31 kB[22m[1m[22m[2m Γöé gzip:   0.22 kB[22m
[2mdist/[22m[36massets/Card-B55GBL1w.js                                 [39m[1m[2m  0.34 kB[22m[1m[22m[2m Γöé gzip:   0.22 kB[22m
[2mdist/[22m[36massets/targetKey-_cccmIF5.js                            [39m[1m[2m  0.45 kB[22m[1m[22m[2m Γöé gzip:   0.29 kB[22m
[2mdist/[22m[36massets/ResetAuth-CeNY6GV4.js                            [39m[1m[2m  0.60 kB[22m[1m[22m[2m Γöé gzip:   0.40 kB[22m
[2mdist/[22m[36massets/marketingClaims-S-a38XOm.js                      [39m[1m[2m  0.66 kB[22m[1m[22m[2m Γöé gzip:   0.39 kB[22m
[2mdist/[22m[36massets/AuditEngineIcon-D1Cmn4S7.js                      [39m[1m[2m  0.67 kB[22m[1m[22m[2m Γöé gzip:   0.39 kB[22m
[2mdist/[22m[36massets/ContentBlueprintIcon-DnbBT_xq.js                 [39m[1m[2m  0.74 kB[22m[1m[22m[2m Γöé gzip:   0.39 kB[22m
[2mdist/[22m[36massets/platformNarrative-BKnK6cYX.js                    [39m[1m[2m  0.77 kB[22m[1m[22m[2m Γöé gzip:   0.49 kB[22m
[2mdist/[22m[36massets/ScoreFixIcon-B_ZNdg9T.js                         [39m[1m[2m  0.81 kB[22m[1m[22m[2m Γöé gzip:   0.41 kB[22m
[2mdist/[22m[36massets/referralShare-DpX_EQ_B.js                        [39m[1m[2m  0.97 kB[22m[1m[22m[2m Γöé gzip:   0.56 kB[22m
[2mdist/[22m[36massets/PaymentCanceledPage-CB43q8v_.js                  [39m[1m[2m  1.21 kB[22m[1m[22m[2m Γöé gzip:   0.57 kB[22m
[2mdist/[22m[36massets/PlatformShiftBanner-cSKwiHWV.js                  [39m[1m[2m  1.25 kB[22m[1m[22m[2m Γöé gzip:   0.57 kB[22m
[2mdist/[22m[36massets/analysisStore-ntpqnwmm.js                        [39m[1m[2m  1.65 kB[22m[1m[22m[2m Γöé gzip:   0.81 kB[22m
[2mdist/[22m[36massets/PaymentSuccessPage-jWqJbZkK.js                   [39m[1m[2m  1.71 kB[22m[1m[22m[2m Γöé gzip:   0.81 kB[22m
[2mdist/[22m[36massets/NotFound-F1ZiX3o_.js                             [39m[1m[2m  1.75 kB[22m[1m[22m[2m Γöé gzip:   0.84 kB[22m
[2mdist/[22m[36massets/PartnershipTermsPage-Bw9aAuOQ.js                 [39m[1m[2m  2.07 kB[22m[1m[22m[2m Γöé gzip:   0.95 kB[22m
[2mdist/[22m[36massets/state-DOodqmz-.js                                [39m[1m[2m  2.69 kB[22m[1m[22m[2m Γöé gzip:   1.33 kB[22m
[2mdist/[22m[36massets/PlatformProofLoopCard-DX9hY3Qs.js                [39m[1m[2m  2.76 kB[22m[1m[22m[2m Γöé gzip:   0.93 kB[22m
[2mdist/[22m[36massets/InviteAcceptPage-BDT8dLY3.js                     [39m[1m[2m  2.86 kB[22m[1m[22m[2m Γöé gzip:   1.26 kB[22m
[2mdist/[22m[36massets/usePageMeta-DoIR8Isi.js                          [39m[1m[2m  2.89 kB[22m[1m[22m[2m Γöé gzip:   1.21 kB[22m
[2mdist/[22m[36massets/ChangelogPage-CMFZAltx.js                        [39m[1m[2m  3.22 kB[22m[1m[22m[2m Γöé gzip:   1.34 kB[22m
[2mdist/[22m[36massets/api-B40okIE-.js                                  [39m[1m[2m  3.24 kB[22m[1m[22m[2m Γöé gzip:   1.09 kB[22m
[2mdist/[22m[36massets/ResetPassword-CU7ZqXsw.js                        [39m[1m[2m  3.27 kB[22m[1m[22m[2m Γöé gzip:   1.26 kB[22m
[2mdist/[22m[36massets/UpgradeWall-C64v21tD.js                          [39m[1m[2m  3.37 kB[22m[1m[22m[2m Γöé gzip:   1.50 kB[22m
[2mdist/[22m[36massets/GeoAIRanking2026-C6kxWYhc.js                     [39m[1m[2m  3.54 kB[22m[1m[22m[2m Γöé gzip:   1.32 kB[22m
[2mdist/[22m[36massets/AEOPlaybook2026-BtsKnu94.js                      [39m[1m[2m  3.86 kB[22m[1m[22m[2m Γöé gzip:   1.44 kB[22m
[2mdist/[22m[36massets/CompareProfoundPage-DcwjAw6N.js                  [39m[1m[2m  4.09 kB[22m[1m[22m[2m Γöé gzip:   1.42 kB[22m
[2mdist/[22m[36massets/CompareReauditPage-CNW0cTaJ.js                   [39m[1m[2m  4.40 kB[22m[1m[22m[2m Γöé gzip:   1.56 kB[22m
[2mdist/[22m[36massets/VerifyEmailPage-CadXqjCg.js                      [39m[1m[2m  4.56 kB[22m[1m[22m[2m Γöé gzip:   1.84 kB[22m
[2mdist/[22m[36massets/VerifyLicensePage-BJmWZTBl.js                    [39m[1m[2m  4.62 kB[22m[1m[22m[2m Γöé gzip:   1.64 kB[22m
[2mdist/[22m[36massets/PressPage-Dvb89uO7.js                            [39m[1m[2m  5.17 kB[22m[1m[22m[2m Γöé gzip:   1.84 kB[22m
[2mdist/[22m[36massets/CompareOtterlyPage-JHF9yhIk.js                   [39m[1m[2m  5.30 kB[22m[1m[22m[2m Γöé gzip:   1.76 kB[22m
[2mdist/[22m[36massets/InsightsPage-D5mUDPV5.js                         [39m[1m[2m  5.31 kB[22m[1m[22m[2m Γöé gzip:   1.87 kB[22m
[2mdist/[22m[36massets/seoSchema-DVPj1wqf.js                            [39m[1m[2m  5.64 kB[22m[1m[22m[2m Γöé gzip:   2.01 kB[22m
[2mdist/[22m[36massets/NotificationPreferencesPanel-DQ2ZjdJ3.js         [39m[1m[2m  5.76 kB[22m[1m[22m[2m Γöé gzip:   2.00 kB[22m
[2mdist/[22m[36massets/ComparisonPage-DRB7gLwy.js                       [39m[1m[2m  6.00 kB[22m[1m[22m[2m Γöé gzip:   1.80 kB[22m
[2mdist/[22m[36massets/ConversationalQueryPlaybook2026-Cd-7mYRV.js      [39m[1m[2m  7.29 kB[22m[1m[22m[2m Γöé gzip:   2.46 kB[22m
[2mdist/[22m[36massets/BlogPostPage-sQAM7DOJ.js                         [39m[1m[2m  7.46 kB[22m[1m[22m[2m Γöé gzip:   2.48 kB[22m
[2mdist/[22m[36massets/insights-CIWig624.js                             [39m[1m[2m  7.62 kB[22m[1m[22m[2m Γöé gzip:   2.84 kB[22m
[2mdist/[22m[36massets/CompliancePage-C0IEknxI.js                       [39m[1m[2m  7.69 kB[22m[1m[22m[2m Γöé gzip:   2.26 kB[22m
[2mdist/[22m[36massets/NotificationsPage-CX9t61_U.js                    [39m[1m[2m  7.85 kB[22m[1m[22m[2m Γöé gzip:   2.44 kB[22m
[2mdist/[22m[36massets/AISearchVisibility2026-B-0w38Lh.js               [39m[1m[2m  7.93 kB[22m[1m[22m[2m Γöé gzip:   2.63 kB[22m
[2mdist/[22m[36massets/VoiceSearchAIAnswerOptimization2026-BpYI4kO4.js  [39m[1m[2m  8.51 kB[22m[1m[22m[2m Γöé gzip:   2.34 kB[22m
[2mdist/[22m[36massets/ContentExtractabilityPage-0ctDn7dX.js            [39m[1m[2m  9.02 kB[22m[1m[22m[2m Γöé gzip:   2.86 kB[22m
[2mdist/[22m[36massets/SchemaValidatorPage-BksTD0Pc.js                  [39m[1m[2m  9.14 kB[22m[1m[22m[2m Γöé gzip:   2.82 kB[22m
[2mdist/[22m[36massets/BlogsPage-yRDtkUPU.js                            [39m[1m[2m  9.43 kB[22m[1m[22m[2m Γöé gzip:   2.89 kB[22m
[2mdist/[22m[36massets/RobotsCheckerPage-Dqanl434.js                    [39m[1m[2m  9.72 kB[22m[1m[22m[2m Γöé gzip:   2.87 kB[22m
[2mdist/[22m[36massets/AnswerPresencePage-CyZm4eGG.js                   [39m[1m[2m 11.30 kB[22m[1m[22m[2m Γöé gzip:   3.52 kB[22m
[2mdist/[22m[36massets/PromptIntelligencePage-CRuufoX2.js               [39m[1m[2m 11.68 kB[22m[1m[22m[2m Γöé gzip:   3.74 kB[22m
[2mdist/[22m[36massets/TermsPage-BkZdjbUl.js                            [39m[1m[2m 12.20 kB[22m[1m[22m[2m Γöé gzip:   4.09 kB[22m
[2mdist/[22m[36massets/CompareRankScalePage-DXmYOZE2.js                 [39m[1m[2m 13.06 kB[22m[1m[22m[2m Γöé gzip:   3.85 kB[22m
[2mdist/[22m[36massets/CompareAhrefsPage-BDRICzEA.js                    [39m[1m[2m 13.97 kB[22m[1m[22m[2m Γöé gzip:   4.29 kB[22m
[2mdist/[22m[36massets/PrivacyPage-R1DbLshy.js                          [39m[1m[2m 14.10 kB[22m[1m[22m[2m Γöé gzip:   4.36 kB[22m
[2mdist/[22m[36massets/ApiDocsPage-Df4UUXuN.js                          [39m[1m[2m 14.10 kB[22m[1m[22m[2m Γöé gzip:   4.06 kB[22m
[2mdist/[22m[36massets/Profile-BWS9Vg9s.js                              [39m[1m[2m 14.21 kB[22m[1m[22m[2m Γöé gzip:   4.17 kB[22m
[2mdist/[22m[36massets/CompareSemrushPage-CmNMwKlH.js                   [39m[1m[2m 14.37 kB[22m[1m[22m[2m Γöé gzip:   4.20 kB[22m
[2mdist/[22m[36massets/CompetitiveLandscapePage-BmuOuFFx.js             [39m[1m[2m 14.46 kB[22m[1m[22m[2m Γöé gzip:   4.42 kB[22m
[2mdist/[22m[36massets/IntegrationsHubPage-7n9IqVD-.js                  [39m[1m[2m 15.16 kB[22m[1m[22m[2m Γöé gzip:   3.97 kB[22m
[2mdist/[22m[36massets/WhyAIVisibility-CuJhs4IO.js                      [39m[1m[2m 15.36 kB[22m[1m[22m[2m Γöé gzip:   4.52 kB[22m
[2mdist/[22m[36massets/BrandIntegrityPage-CgspAEDY.js                   [39m[1m[2m 16.02 kB[22m[1m[22m[2m Γöé gzip:   4.70 kB[22m
[2mdist/[22m[36massets/GlossaryPage-CEbrxyGh.js                         [39m[1m[2m 16.39 kB[22m[1m[22m[2m Γöé gzip:   5.75 kB[22m
[2mdist/[22m[36massets/OnboardingModal-BKSiYJK3.js                      [39m[1m[2m 16.42 kB[22m[1m[22m[2m Γöé gzip:   4.94 kB[22m
[2mdist/[22m[36massets/Landing-DAA6BcnI.js                              [39m[1m[2m 16.89 kB[22m[1m[22m[2m Γöé gzip:   4.87 kB[22m
[2mdist/[22m[36massets/AiVisibilityBenchmark-BOH_lWwL.js                [39m[1m[2m 17.54 kB[22m[1m[22m[2m Γöé gzip:   4.78 kB[22m
[2mdist/[22m[36massets/ReferralsPage-MWYx-B52.js                        [39m[1m[2m 17.97 kB[22m[1m[22m[2m Γöé gzip:   4.93 kB[22m
[2mdist/[22m[36massets/GuidePage-BQuUoCun.js                            [39m[1m[2m 18.75 kB[22m[1m[22m[2m Γöé gzip:   5.05 kB[22m
[2mdist/[22m[36massets/FAQ-C-ph93Le.js                                  [39m[1m[2m 18.93 kB[22m[1m[22m[2m Γöé gzip:   7.45 kB[22m
[2mdist/[22m[36massets/PublicReportPage-xInTB86U.js                     [39m[1m[2m 19.72 kB[22m[1m[22m[2m Γöé gzip:   6.80 kB[22m
[2mdist/[22m[36massets/NicheDiscoveryPage-BDUC9Mtd.js                   [39m[1m[2m 20.15 kB[22m[1m[22m[2m Γöé gzip:   5.10 kB[22m
[2mdist/[22m[36massets/AboutPage-B_wwYeOa.js                            [39m[1m[2m 20.41 kB[22m[1m[22m[2m Γöé gzip:   5.12 kB[22m
[2mdist/[22m[36massets/KeywordsPage-CtQKWY8y.js                         [39m[1m[2m 20.66 kB[22m[1m[22m[2m Γöé gzip:   6.03 kB[22m
[2mdist/[22m[36massets/GscConsolePage-CYSdoyXy.js                       [39m[1m[2m 20.98 kB[22m[1m[22m[2m Γöé gzip:   6.26 kB[22m
[2mdist/[22m[36massets/Admin-5_YRQEto.js                                [39m[1m[2m 21.20 kB[22m[1m[22m[2m Γöé gzip:   5.11 kB[22m
[2mdist/[22m[36massets/IndexingPage-BgMKiAuq.js                         [39m[1m[2m 22.58 kB[22m[1m[22m[2m Γöé gzip:   5.82 kB[22m
[2mdist/[22m[36massets/TextSummaryView-BJ5gqV59.js                      [39m[1m[2m 22.67 kB[22m[1m[22m[2m Γöé gzip:   5.73 kB[22m
[2mdist/[22m[36massets/ServerHeadersPage-BYuNmW9U.js                    [39m[1m[2m 24.64 kB[22m[1m[22m[2m Γöé gzip:   6.35 kB[22m
[2mdist/[22m[36massets/TeamPage-bg081e--.js                             [39m[1m[2m 25.46 kB[22m[1m[22m[2m Γöé gzip:   5.56 kB[22m
[2mdist/[22m[36massets/PricingPage-BC71Rzgi.js                          [39m[1m[2m 26.63 kB[22m[1m[22m[2m Γöé gzip:   8.34 kB[22m
[2mdist/[22m[36massets/AuthPage-VHjCCJvL.js                             [39m[1m[2m 27.30 kB[22m[1m[22m[2m Γöé gzip:   6.92 kB[22m
[2mdist/[22m[36massets/MethodologyPage-0r2FgeRZ.js                      [39m[1m[2m 28.58 kB[22m[1m[22m[2m Γöé gzip:   8.45 kB[22m
[2mdist/[22m[36massets/AnalyzePage-DuxVybDw.js                          [39m[1m[2m 28.97 kB[22m[1m[22m[2m Γöé gzip:   8.56 kB[22m
[2mdist/[22m[36massets/ScoreFixPage-DyR355Ak.js                         [39m[1m[2m 30.02 kB[22m[1m[22m[2m Γöé gzip:   8.32 kB[22m
[2mdist/[22m[36massets/McpConsolePage-JXD_XSdP.js                       [39m[1m[2m 30.81 kB[22m[1m[22m[2m Γöé gzip:   6.69 kB[22m
[2mdist/[22m[36massets/PlatformWorkflowPage-CxvO6Jjq.js                 [39m[1m[2m 32.78 kB[22m[1m[22m[2m Γöé gzip:   8.12 kB[22m
[2mdist/[22m[36massets/SettingsPage-BNVZEWvy.js                         [39m[1m[2m 36.14 kB[22m[1m[22m[2m Γöé gzip:   9.64 kB[22m
[2mdist/[22m[36massets/router-Chcffpst.js                               [39m[1m[2m 37.25 kB[22m[1m[22m[2m Γöé gzip:  13.41 kB[22m
[2mdist/[22m[36massets/BillingPage-C8ToQ287.js                          [39m[1m[2m 37.39 kB[22m[1m[22m[2m Γöé gzip:   9.11 kB[22m
[2mdist/[22m[36massets/CitationsPage-C1jb6lZZ.js                        [39m[1m[2m 38.38 kB[22m[1m[22m[2m Γöé gzip:  10.57 kB[22m
[2mdist/[22m[36massets/icons-DG5nB2Qh.js                                [39m[1m[2m 42.32 kB[22m[1m[22m[2m Γöé gzip:  13.75 kB[22m
[2mdist/[22m[36massets/AdvancedFeaturesPanel-DkkO33U9.js                [39m[1m[2m 44.87 kB[22m[1m[22m[2m Γöé gzip:  12.10 kB[22m
[2mdist/[22m[36massets/CompetitorsPage-B4_s8Xwq.js                      [39m[1m[2m 46.91 kB[22m[1m[22m[2m Γöé gzip:  11.43 kB[22m
[2mdist/[22m[36massets/ReportsPage-DbqyIFgG.js                          [39m[1m[2m 52.31 kB[22m[1m[22m[2m Γöé gzip:  14.46 kB[22m
[2mdist/[22m[36massets/CitationTracker-BxcqcWRG.js                      [39m[1m[2m 58.82 kB[22m[1m[22m[2m Γöé gzip:  13.23 kB[22m
[2mdist/[22m[36massets/chart-deps-Cqrd-M56.js                           [39m[1m[2m 62.44 kB[22m[1m[22m[2m Γöé gzip:  20.60 kB[22m
[2mdist/[22m[36massets/AnalyticsPage-BW_PBntZ.js                        [39m[1m[2m 71.15 kB[22m[1m[22m[2m Γöé gzip:  16.68 kB[22m
[2mdist/[22m[36massets/ReverseEngineerPage-C075XqL-.js                  [39m[1m[2m 78.55 kB[22m[1m[22m[2m Γöé gzip:  17.32 kB[22m
[2mdist/[22m[36massets/ComprehensiveAnalysis-BwMpcBYh.js                [39m[1m[2m 88.34 kB[22m[1m[22m[2m Γöé gzip:  20.56 kB[22m
[2mdist/[22m[36massets/HelpCenter-CbyqQkdK.js                           [39m[1m[2m 88.63 kB[22m[1m[22m[2m Γöé gzip:  22.65 kB[22m
[2mdist/[22m[36massets/index-DCl1l7g8.js                                [39m[1m[2m124.17 kB[22m[1m[22m[2m Γöé gzip:  35.90 kB[22m
[2mdist/[22m[36massets/react-dom-CTiNC4Ic.js                            [39m[1m[2m180.52 kB[22m[1m[22m[2m Γöé gzip:  56.35 kB[22m
[2mdist/[22m[36massets/Dashboard-3dhWPzvK.js                            [39m[1m[2m196.53 kB[22m[1m[22m[2m Γöé gzip:  50.84 kB[22m
[2mdist/[22m[36massets/blogs-pv7w0pDU.js                                [39m[1m[2m275.23 kB[22m[1m[22m[2m Γöé gzip:  85.84 kB[22m
[2mdist/[22m[36massets/recharts-UNbcGQ3T.js                             [39m[1m[2m311.48 kB[22m[1m[22m[2m Γöé gzip:  78.47 kB[22m
[2mdist/[22m[36massets/vendor-69GhOofa.js                               [39m[1m[2m371.18 kB[22m[1m[22m[2m Γöé gzip: 124.16 kB[22m
[32mΓ£ô built in 57.80s[39m
[prerender] wrote C:\Users\Ma$e\Desktop\aivis\aivis\client\dist\index.html
[prerender] wrote C:\Users\Ma$e\Desktop\aivis\aivis\client\dist\landing\index.html
[prerender] wrote C:\Users\Ma$e\Desktop\aivis\aivis\client\dist\pricing\index.html
[prerender] wrote C:\Users\Ma$e\Desktop\aivis\aivis\client\dist\analyze\index.html
[prerender] wrote C:\Users\Ma$e\Desktop\aivis\aivis\client\dist\faq\index.html
[prerender] wrote C:\Users\Ma$e\Desktop\aivis\aivis\client\dist\guide\index.html
[prerender] wrote C:\Users\Ma$e\Desktop\aivis\aivis\client\dist\workflow\index.html
[prerender] wrote C:\Users\Ma$e\Desktop\aivis\aivis\client\dist\methodology\index.html
[prerender] wrote C:\Users\Ma$e\Desktop\aivis\aivis\client\dist\insights\index.html
[prerender] wrote C:\Users\Ma$e\Desktop\aivis\aivis\client\dist\blogs\index.html
[prerender] wrote C:\Users\Ma$e\Desktop\aivis\aivis\client\dist\blogs\why-i-built-aivis-when-i-realized-most-websites-are-invisible-to-ai\index.html
[prerender] wrote C:\Users\Ma$e\Desktop\aivis\aivis\client\dist\blogs\before-you-build-another-saas-run-this-30-second-reality-check\index.html
[prerender] wrote C:\Users\Ma$e\Desktop\aivis\aivis\client\dist\blogs\answer-engine-optimization-2026-why-citation-readiness-matters\index.html
[prerender] wrote C:\Users\Ma$e\Desktop\aivis\aivis\client\dist\blogs\why-traditional-seo-tactics-fail-for-ai-visibility\index.html
[prerender] wrote C:\Users\Ma$e\Desktop\aivis\aivis\client\dist\blogs\building-author-authority-for-citations-e-e-a-t-in-ai-era\index.html
[prerender] wrote C:\Users\Ma$e\Desktop\aivis\aivis\client\dist\blogs\how-llms-parse-your-content-technical-breakdown\index.html
[prerender] wrote C:\Users\Ma$e\Desktop\aivis\aivis\client\dist\blogs\geo-adaptive-ai-ranking-location-intelligence-shapes-answers\index.html
[prerender] wrote C:\Users\Ma$e\Desktop\aivis\aivis\client\dist\blogs\from-invisible-to-cited-case-study-brand-citation-growth\index.html
[prerender] wrote C:\Users\Ma$e\Desktop\aivis\aivis\client\dist\blogs\google-search-console-data-ai-visibility-monitoring\index.html
[prerender] wrote C:\Users\Ma$e\Desktop\aivis\aivis\client\dist\blogs\7-step-implementation-roadmap-audit-to-live-citations-30-days\index.html
[prerender] wrote C:\Users\Ma$e\Desktop\aivis\aivis\client\dist\blogs\google-search-console-2026-what-actually-matters-now\index.html
[prerender] wrote C:\Users\Ma$e\Desktop\aivis\aivis\client\dist\blogs\the-river-changed-direction-why-ai-answer-engines-rewrote-the-web\index.html
[prerender] wrote C:\Users\Ma$e\Desktop\aivis\aivis\client\dist\blogs\webmcp-is-the-protocol-seo-aeo-geo-never-had\index.html
[prerender] wrote C:\Users\Ma$e\Desktop\aivis\aivis\client\dist\blogs\aivis-api-access-explained-build-on-the-visibility-layer\index.html
[prerender] wrote C:\Users\Ma$e\Desktop\aivis\aivis\client\dist\blogs\aivis-platform-source-of-truth-every-feature-and-tool-explained\index.html
[prerender] wrote C:\Users\Ma$e\Desktop\aivis\aivis\client\dist\blogs\why-aivis-is-different-from-every-other-seo-aeo-platform\index.html
[prerender] wrote C:\Users\Ma$e\Desktop\aivis\aivis\client\dist\blogs\ai-visibility-tools-2026-what-semrush-ahrefs-moz-cant-measure\index.html
[prerender] wrote C:\Users\Ma$e\Desktop\aivis\aivis\client\dist\blogs\how-to-get-cited-by-chatgpt-perplexity-gemini-ai-citation-guide\index.html
[prerender] wrote C:\Users\Ma$e\Desktop\aivis\aivis\client\dist\blogs\how-aivis-works-under-the-hood-full-technical-breakdown\index.html
[prerender] wrote C:\Users\Ma$e\Desktop\aivis\aivis\client\dist\blogs\why-agencies-and-smbs-are-switching-to-aivis-for-real-visibility\index.html
[prerender] wrote C:\Users\Ma$e\Desktop\aivis\aivis\client\dist\blogs\team-workspaces-how-aivis-handles-multi-client-agency-operations\index.html
[prerender] wrote C:\Users\Ma$e\Desktop\aivis\aivis\client\dist\blogs\citation-testing-explained-how-to-verify-ai-models-can-find-you\index.html
[prerender] wrote C:\Users\Ma$e\Desktop\aivis\aivis\client\dist\blogs\competitor-tracking-find-the-structural-gaps-and-win\index.html
[prerender] wrote C:\Users\Ma$e\Desktop\aivis\aivis\client\dist\blogs\brand-mention-tracking-where-ai-discovers-new-sources\index.html
[prerender] wrote C:\Users\Ma$e\Desktop\aivis\aivis\client\dist\blogs\ssfr-evidence-framework-the-scoring-engine-behind-aivis\index.html
[prerender] wrote C:\Users\Ma$e\Desktop\aivis\aivis\client\dist\blogs\score-fix-autopr-how-ai-opens-pull-requests-to-fix-your-visibility\index.html
[prerender] wrote C:\Users\Ma$e\Desktop\aivis\aivis\client\dist\blogs\reverse-engineering-competitors-decompile-ghost-audit-simulate\index.html
[prerender] wrote C:\Users\Ma$e\Desktop\aivis\aivis\client\dist\blogs\free-tools-schema-validator-robots-checker-content-extractability\index.html
[prerender] wrote C:\Users\Ma$e\Desktop\aivis\aivis\client\dist\blogs\scheduled-rescans-and-autopilot-monitoring-set-it-and-track-it\index.html
[prerender] wrote C:\Users\Ma$e\Desktop\aivis\aivis\client\dist\blogs\bix-boundaries-in-excess-how-guidebot-redefines-ai-platform-assistants\index.html
[prerender] wrote C:\Users\Ma$e\Desktop\aivis\aivis\client\dist\blogs\your-website-is-not-competing-for-clicks-anymore\index.html
[prerender] wrote C:\Users\Ma$e\Desktop\aivis\aivis\client\dist\why-ai-visibility\index.html
[prerender] wrote C:\Users\Ma$e\Desktop\aivis\aivis\client\dist\ai-search-visibility-2026\index.html
[prerender] wrote C:\Users\Ma$e\Desktop\aivis\aivis\client\dist\aeo-playbook-2026\index.html
[prerender] wrote C:\Users\Ma$e\Desktop\aivis\aivis\client\dist\geo-ai-ranking-2026\index.html
[prerender] wrote C:\Users\Ma$e\Desktop\aivis\aivis\client\dist\compare\index.html
[prerender] wrote C:\Users\Ma$e\Desktop\aivis\aivis\client\dist\compare\aivis-vs-otterly\index.html
[prerender] wrote C:\Users\Ma$e\Desktop\aivis\aivis\client\dist\compare\aivis-vs-reaudit\index.html
[prerender] wrote C:\Users\Ma$e\Desktop\aivis\aivis\client\dist\compare\aivis-vs-profound\index.html
[prerender] wrote C:\Users\Ma$e\Desktop\aivis\aivis\client\dist\compare\aivis-vs-semrush\index.html
[prerender] wrote C:\Users\Ma$e\Desktop\aivis\aivis\client\dist\compare\aivis-vs-ahrefs\index.html
[prerender] wrote C:\Users\Ma$e\Desktop\aivis\aivis\client\dist\compare\aivis-vs-rankscale\index.html
[prerender] wrote C:\Users\Ma$e\Desktop\aivis\aivis\client\dist\glossary\index.html
[prerender] wrote C:\Users\Ma$e\Desktop\aivis\aivis\client\dist\benchmarks\index.html
[prerender] wrote C:\Users\Ma$e\Desktop\aivis\aivis\client\dist\about\index.html
[prerender] wrote C:\Users\Ma$e\Desktop\aivis\aivis\client\dist\press\index.html
[prerender] wrote C:\Users\Ma$e\Desktop\aivis\aivis\client\dist\compliance\index.html
[prerender] wrote C:\Users\Ma$e\Desktop\aivis\aivis\client\dist\integrations\index.html
[prerender] wrote C:\Users\Ma$e\Desktop\aivis\aivis\client\dist\competitive-landscape\index.html
[prerender] wrote C:\Users\Ma$e\Desktop\aivis\aivis\client\dist\score-fix\index.html
[prerender] wrote C:\Users\Ma$e\Desktop\aivis\aivis\client\dist\api-docs\index.html
[prerender] wrote C:\Users\Ma$e\Desktop\aivis\aivis\client\dist\help\index.html
[prerender] wrote C:\Users\Ma$e\Desktop\aivis\aivis\client\dist\support\index.html
[prerender] wrote C:\Users\Ma$e\Desktop\aivis\aivis\client\dist\server-headers\index.html
[prerender] wrote C:\Users\Ma$e\Desktop\aivis\aivis\client\dist\verify-license\index.html
[prerender] wrote C:\Users\Ma$e\Desktop\aivis\aivis\client\dist\privacy\index.html
[prerender] wrote C:\Users\Ma$e\Desktop\aivis\aivis\client\dist\terms\index.html
[prerender] wrote C:\Users\Ma$e\Desktop\aivis\aivis\client\dist\changelog\index.html
[prerender] wrote C:\Users\Ma$e\Desktop\aivis\aivis\client\dist\indexing\index.html
[prerender] wrote C:\Users\Ma$e\Desktop\aivis\aivis\client\dist\tools\schema-validator\index.html
[prerender] wrote C:\Users\Ma$e\Desktop\aivis\aivis\client\dist\tools\robots-checker\index.html
[prerender] wrote C:\Users\Ma$e\Desktop\aivis\aivis\client\dist\tools\content-extractability\index.html
[prerender] wrote C:\Users\Ma$e\Desktop\aivis\aivis\client\dist\reverse-engineer\index.html
[prerender] wrote C:\Users\Ma$e\Desktop\aivis\aivis\client\dist\prompt-intelligence\index.html
[prerender] wrote C:\Users\Ma$e\Desktop\aivis\aivis\client\dist\answer-presence\index.html
[prerender] wrote C:\Users\Ma$e\Desktop\aivis\aivis\client\dist\brand-integrity\index.html
[prerender] wrote C:\Users\Ma$e\Desktop\aivis\aivis\client\dist\blogs\cannot-access-before-initialization-react-vite-production-tdz-fix\index.html
[prerender] wrote C:\Users\Ma$e\Desktop\aivis\aivis\client\dist\blogs\how-mcp-audit-workflows-change-everything-for-dev-teams\index.html
[prerender] wrote C:\Users\Ma$e\Desktop\aivis\aivis\client\dist\blogs\team-workspace-aivis-the-shared-audit-layer-builders-have-been-missing\index.html
[prerender] wrote C:\Users\Ma$e\Desktop\aivis\aivis\client\dist\blogs\webmcp-third-party-tool-calling-aivis-the-headless-audit-engine\index.html
[prerender] wrote C:\Users\Ma$e\Desktop\aivis\aivis\client\dist\blogs\answer-engine-optimization-is-not-the-new-seoits-the-big-brother\index.html
[prerender] wrote C:\Users\Ma$e\Desktop\aivis\aivis\client\dist\blogs\startups-seoaeo-in-2026-a-strategic-guide-for-the-ai-first-era\index.html
[prerender] wrote C:\Users\Ma$e\Desktop\aivis\aivis\client\dist\blogs\the-old-saas-model-was-simple\index.html
[prerender] wrote C:\Users\Ma$e\Desktop\aivis\aivis\client\dist\blogs\json-ld-schema-strategy-get-cited-by-ai-models\index.html
[prerender] wrote C:\Users\Ma$e\Desktop\aivis\aivis\client\dist\blogs\google-search-console-hiding-ai-visibility-gaps\index.html
[prerender] wrote C:\Users\Ma$e\Desktop\aivis\aivis\client\dist\blogs\answer-engine-optimization-complete-guide-small-business\index.html
[prerender] wrote C:\Users\Ma$e\Desktop\aivis\aivis\client\dist\blogs\entity-clarity-why-ai-models-cite-some-brands-ignore-others\index.html
[prerender] wrote C:\Users\Ma$e\Desktop\aivis\aivis\client\dist\blogs\how-to-audit-website-ai-readiness-10-minutes\index.html
[prerender] wrote C:\Users\Ma$e\Desktop\aivis\aivis\client\dist\blogs\death-of-click-through-rates-what-replaces-ctr-ai-answers\index.html
[prerender] wrote C:\Users\Ma$e\Desktop\aivis\aivis\client\dist\partnership-terms\index.html
[prerender] wrote C:\Users\Ma$e\Desktop\aivis\aivis\client\dist\conversational-query-playbook-2026\index.html
[prerender] wrote C:\Users\Ma$e\Desktop\aivis\aivis\client\dist\voice-search-ai-answer-optimization-2026\index.html
[prerender] wrote C:\Users\Ma$e\Desktop\aivis\aivis\client\dist\keywords\index.html
[prerender] wrote C:\Users\Ma$e\Desktop\aivis\aivis\client\dist\competitors\index.html
[prerender] wrote C:\Users\Ma$e\Desktop\aivis\aivis\client\dist\citations\index.html
[prerender] wrote C:\Users\Ma$e\Desktop\aivis\aivis\client\dist\reports\index.html
[prerender] wrote C:\Users\Ma$e\Desktop\aivis\aivis\client\dist\analytics\index.html
[prerender] wrote C:\Users\Ma$e\Desktop\aivis\aivis\client\dist\niche-discovery\index.html
[prerender] wrote C:\Users\Ma$e\Desktop\aivis\aivis\client\dist\mcp\index.html
[prerender] wrote C:\Users\Ma$e\Desktop\aivis\aivis\client\dist\gsc\index.html
[prerender] wrote C:\Users\Ma$e\Desktop\aivis\aivis\client\dist\referrals\index.html
[prerender] wrote C:\Users\Ma$e\Desktop\aivis\aivis\client\dist\team\index.html
[stage-client-dist] Copied client dist -> C:\Users\Ma$e\Desktop\aivis\aivis\server\dist\client
src/controllers/aiController.ts(1,23): error TS6142: Module '../models/Audit.js' was resolved to 'C:/Users/Ma$e/Desktop/aivis/aivis/server/src/models/Audit.tsx', but '--jsx' is not set.
src/controllers/auditController.ts(1,19): error TS6142: Module '../models/Audit.js' was resolved to 'C:/Users/Ma$e/Desktop/aivis/aivis/server/src/models/Audit.tsx', but '--jsx' is not set.
src/controllers/auditController.ts(2,21): error TS6142: Module '../models/Website.js' was resolved to 'C:/Users/Ma$e/Desktop/aivis/aivis/server/src/models/Website.tsx', but '--jsx' is not set.
src/controllers/auditController.ts(7,33): error TS6142: Module '../utils/pricingUtils.js' was resolved to 'C:/Users/Ma$e/Desktop/aivis/aivis/server/src/utils/pricingUtils.tsx', but '--jsx' is not set.
src/controllers/auditController.ts(37,12): error TS2339: Property 'usageCount' does not exist on type 'User'.
src/controllers/auditController.ts(38,12): error TS2339: Property 'lastResetDate' does not exist on type 'User'.
src/controllers/auditController.ts(39,18): error TS2339: Property 'save' does not exist on type 'User'.
src/controllers/auditController.ts(68,10): error TS2339: Property 'usageCount' does not exist on type 'User'.
src/controllers/auditController.ts(69,16): error TS2339: Property 'save' does not exist on type 'User'.
src/controllers/auditController.ts(90,54): error TS2339: Property 'overall' does not exist on type '{}'.
src/controllers/auditController.ts(92,51): error TS2339: Property 'visibilityStatus' does not exist on type '{ success: boolean; stages: {}; allEvidence: any[]; scores: {}; risks: any[]; recommendations: any[]; errors: any[]; }'.
src/controllers/auditController.ts(104,102): error TS2339: Property 'overall' does not exist on type '{}'.
src/controllers/auditController.ts(104,141): error TS2339: Property 'visibilityStatus' does not exist on type '{ success: boolean; stages: {}; allEvidence: any[]; scores: {}; risks: any[]; recommendations: any[]; errors: any[]; }'.
src/controllers/auditController.ts(141,13): error TS2339: Property 'status' does not exist on type '{ userId: any; }'.
src/controllers/brandController.ts(1,19): error TS6142: Module '../models/Brand.js' was resolved to 'C:/Users/Ma$e/Desktop/aivis/aivis/server/src/models/Brand.tsx', but '--jsx' is not set.
src/controllers/citations.controllers.ts(919,63): error TS2339: Property 'error' does not exist on type 'NormalizePublicUrlResult'.
  Property 'error' does not exist on type '{ ok: true; url: string; hostname: string; }'.
src/controllers/citations.controllers.ts(925,65): error TS2339: Property 'error' does not exist on type 'NormalizePublicUrlResult'.
  Property 'error' does not exist on type '{ ok: true; url: string; hostname: string; }'.
src/controllers/citations.controllers.ts(1328,58): error TS2339: Property 'error' does not exist on type 'NormalizePublicUrlResult'.
  Property 'error' does not exist on type '{ ok: true; url: string; hostname: string; }'.
src/controllers/citations.controllers.ts(1655,26): error TS2339: Property 'model_used' does not exist on type 'AICitationResult'.
src/controllers/citations.controllers.ts(1656,26): error TS2339: Property 'model_role' does not exist on type 'AICitationResult'.
src/controllers/competitors.controllers.ts(167,55): error TS2339: Property 'error' does not exist on type 'NormalizePublicUrlResult'.
  Property 'error' does not exist on type '{ ok: true; url: string; hostname: string; }'.
src/controllers/competitors.controllers.ts(275,55): error TS2339: Property 'error' does not exist on type 'NormalizePublicUrlResult'.
  Property 'error' does not exist on type '{ ok: true; url: string; hostname: string; }'.
src/controllers/intelligenceAnalyzeController.ts(58,26): error TS2339: Property 'error' does not exist on type 'NormalizePublicUrlResult'.
  Property 'error' does not exist on type '{ ok: true; url: string; hostname: string; }'.
src/controllers/statusController.ts(22,7): error TS2554: Expected 2 arguments, but got 3.
src/controllers/statusController.ts(23,7): error TS2339: Property 'select' does not exist on type 'Promise<User>'.
src/controllers/statusController.ts(54,46): error TS2339: Property 'select' does not exist on type 'Promise<User>'.
src/controllers/statusUpdateController.ts(1,8): error TS2613: Module '"C:/Users/Ma$e/Desktop/aivis/aivis/server/src/models/StatusUpdate"' has no default export. Did you mean to use 'import { StatusUpdate } from "C:/Users/Ma$e/Desktop/aivis/aivis/server/src/models/StatusUpdate"' instead?
src/routes/exportRoutes.ts(5,19): error TS6142: Module '../models/Audit.ts' was resolved to 'C:/Users/Ma$e/Desktop/aivis/aivis/server/src/models/Audit.tsx', but '--jsx' is not set.
src/routes/externalApiV1.ts(31,16): error TS2339: Property 'reason' does not exist on type 'ApiKeyValidationResult'.
  Property 'reason' does not exist on type '{ ok: true; keyId: string; userId: string; workspaceId: string; scopes: string[]; }'.
src/routes/externalApiV1.ts(38,16): error TS2339: Property 'reason' does not exist on type 'ApiKeyValidationResult'.
  Property 'reason' does not exist on type '{ ok: true; keyId: string; userId: string; workspaceId: string; scopes: string[]; }'.
src/routes/externalApiV1.ts(119,32): error TS2339: Property 'error' does not exist on type 'NormalizePublicUrlResult'.
  Property 'error' does not exist on type '{ ok: true; url: string; hostname: string; }'.
src/routes/featureRoutes.ts(402,71): error TS2339: Property 'error' does not exist on type 'NormalizePublicUrlResult'.
  Property 'error' does not exist on type '{ ok: true; url: string; hostname: string; }'.
src/routes/featureRoutes.ts(743,71): error TS2339: Property 'error' does not exist on type 'NormalizePublicUrlResult'.
  Property 'error' does not exist on type '{ ok: true; url: string; hostname: string; }'.
src/routes/freeToolsRoutes.ts(23,64): error TS2339: Property 'error' does not exist on type 'NormalizePublicUrlResult'.
  Property 'error' does not exist on type '{ ok: true; url: string; hostname: string; }'.
src/routes/freeToolsRoutes.ts(67,82): error TS2339: Property 'error' does not exist on type '{ valid: true; url: string; } | { valid: false; error: string; }'.
  Property 'error' does not exist on type '{ valid: true; url: string; }'.
src/routes/freeToolsRoutes.ts(286,82): error TS2339: Property 'error' does not exist on type '{ valid: true; url: string; } | { valid: false; error: string; }'.
  Property 'error' does not exist on type '{ valid: true; url: string; }'.
src/routes/freeToolsRoutes.ts(399,82): error TS2339: Property 'error' does not exist on type '{ valid: true; url: string; } | { valid: false; error: string; }'.
  Property 'error' does not exist on type '{ valid: true; url: string; }'.
src/routes/mcpServer.ts(42,36): error TS2339: Property 'reason' does not exist on type 'ApiKeyValidationResult'.
  Property 'reason' does not exist on type '{ ok: true; keyId: string; userId: string; workspaceId: string; scopes: string[]; }'.
src/routes/mcpServer.ts(43,161): error TS2339: Property 'reason' does not exist on type 'ApiKeyValidationResult'.
  Property 'reason' does not exist on type '{ ok: true; keyId: string; userId: string; workspaceId: string; scopes: string[]; }'.
src/routes/mcpServer.ts(237,52): error TS2339: Property 'error' does not exist on type 'NormalizePublicUrlResult'.
  Property 'error' does not exist on type '{ ok: true; url: string; hostname: string; }'.
src/routes/mcpServer.ts(351,52): error TS2339: Property 'error' does not exist on type 'NormalizePublicUrlResult'.
  Property 'error' does not exist on type '{ ok: true; url: string; hostname: string; }'.
src/routes/mcpServer.ts(572,54): error TS2339: Property 'error' does not exist on type 'NormalizePublicUrlResult'.
  Property 'error' does not exist on type '{ ok: true; url: string; hostname: string; }'.
src/routes/mcpServer.ts(792,54): error TS2339: Property 'error' does not exist on type 'NormalizePublicUrlResult'.
  Property 'error' does not exist on type '{ ok: true; url: string; hostname: string; }'.
src/routes/mcpServer.ts(843,55): error TS2339: Property 'error' does not exist on type 'NormalizePublicUrlResult'.
  Property 'error' does not exist on type '{ ok: true; url: string; hostname: string; }'.
src/routes/mcpServer.ts(904,54): error TS2339: Property 'error' does not exist on type 'NormalizePublicUrlResult'.
  Property 'error' does not exist on type '{ ok: true; url: string; hostname: string; }'.
src/routes/reports.ts(10,29): error TS2307: Cannot find module './middleware/requireAuth.js' or its corresponding type declarations.
src/routes/reverseEngineerApi.ts(161,69): error TS2339: Property 'error' does not exist on type 'NormalizePublicUrlResult'.
  Property 'error' does not exist on type '{ ok: true; url: string; hostname: string; }'.
src/routes/webhooks.ts(3,23): error TS2614: Module '"../models/User.js"' has no exported member 'getUserByStripeCustomerId'. Did you mean to use 'import getUserByStripeCustomerId from "../models/User.js"' instead?
src/routes/webhooks.ts(154,7): error TS2353: Object literal may only specify known properties, and 'last_reset_date' does not exist in type 'Partial<User> & { password?: string; }'.
src/routes/webMcp.ts(59,46): error TS2339: Property 'reason' does not exist on type 'ApiKeyValidationResult'.
  Property 'reason' does not exist on type '{ ok: true; keyId: string; userId: string; workspaceId: string; scopes: string[]; }'.
src/routes/webMcp.ts(59,106): error TS2339: Property 'reason' does not exist on type 'ApiKeyValidationResult'.
  Property 'reason' does not exist on type '{ ok: true; keyId: string; userId: string; workspaceId: string; scopes: string[]; }'.
src/routes/webMcp.ts(59,241): error TS2339: Property 'reason' does not exist on type 'ApiKeyValidationResult'.
  Property 'reason' does not exist on type '{ ok: true; keyId: string; userId: string; workspaceId: string; scopes: string[]; }'.
src/routes/webMcp.ts(322,52): error TS2339: Property 'error' does not exist on type 'NormalizePublicUrlResult'.
  Property 'error' does not exist on type '{ ok: true; url: string; hostname: string; }'.
src/routes/webMcp.ts(459,52): error TS2339: Property 'error' does not exist on type 'NormalizePublicUrlResult'.
  Property 'error' does not exist on type '{ ok: true; url: string; hostname: string; }'.
src/routes/webMcp.ts(580,52): error TS2339: Property 'error' does not exist on type 'NormalizePublicUrlResult'.
  Property 'error' does not exist on type '{ ok: true; url: string; hostname: string; }'.
src/routes/webMcp.ts(660,52): error TS2339: Property 'error' does not exist on type 'NormalizePublicUrlResult'.
  Property 'error' does not exist on type '{ ok: true; url: string; hostname: string; }'.
src/server.ts(2301,7): error TS1117: An object literal cannot have multiple properties with the same name.
src/server.ts(2831,7): error TS2322: Type 'SchemaScoreBreakdown' is not assignable to type 'number'.
src/server.ts(3331,46): error TS2339: Property 'error' does not exist on type 'NormalizePublicUrlResult'.
  Property 'error' does not exist on type '{ ok: true; url: string; hostname: string; }'.
src/server.ts(6475,71): error TS2339: Property 'error' does not exist on type '{ ok: true; url: string; hostname: string; } | { ok: boolean; error: string; }'.
  Property 'error' does not exist on type '{ ok: true; url: string; hostname: string; }'.
src/server.ts(7080,7): error TS2322: Type 'SchemaScoreBreakdown' is not assignable to type 'number'.
src/server.ts(7397,75): error TS2339: Property 'total' does not exist on type 'number'.
src/server.ts(7397,103): error TS2339: Property 'validity' does not exist on type 'number'.
src/server.ts(7397,124): error TS2339: Property 'validity' does not exist on type 'number'.
src/server.ts(7397,151): error TS2339: Property 'typeCoverage' does not exist on type 'number'.
src/server.ts(7397,176): error TS2339: Property 'typeCoverage' does not exist on type 'number'.
src/server.ts(7397,212): error TS2339: Property 'propertyCompleteness' does not exist on type 'number'.
src/server.ts(7397,245): error TS2339: Property 'propertyCompleteness' does not exist on type 'number'.
src/server.ts(7397,284): error TS2339: Property 'entityGraph' does not exist on type 'number'.
src/server.ts(7397,308): error TS2339: Property 'entityGraph' does not exist on type 'number'.
src/server.ts(7397,342): error TS2339: Property 'contentAlignment' does not exist on type 'number'.
src/server.ts(7397,371): error TS2339: Property 'contentAlignment' does not exist on type 'number'.
src/server.ts(7397,411): error TS2339: Property 'advancedVocabulary' does not exist on type 'number'.
src/server.ts(7397,442): error TS2339: Property 'advancedVocabulary' does not exist on type 'number'.
src/server.ts(7397,487): error TS2339: Property 'relationshipDepth' does not exist on type 'number'.
src/server.ts(7397,517): error TS2339: Property 'relationshipDepth' does not exist on type 'number'.
src/server.ts(7397,557): error TS2339: Property 'bestPractices' does not exist on type 'number'.
src/server.ts(7397,583): error TS2339: Property 'bestPractices' does not exist on type 'number'.
src/server.ts(7398,14): error TS2339: Property 'declaredIds' does not exist on type 'number'.
src/server.ts(7399,71): error TS2339: Property 'declaredIds' does not exist on type 'number'.
src/server.ts(7399,106): error TS2339: Property 'crossReferences' does not exist on type 'number'.
src/server.ts(7399,151): error TS2339: Property 'crossReferences' does not exist on type 'number'.
src/server.ts(7401,14): error TS2339: Property 'issues' does not exist on type 'number'.
src/server.ts(7402,69): error TS2339: Property 'issues' does not exist on type 'number'.
src/server.ts(7402,91): error TS2339: Property 'issues' does not exist on type 'number'.
src/server.ts(8702,49): error TS2339: Property 'bodyText' does not exist on type '{ title: string; body: string; html: string; structuredData?: StructuredData; robots?: RobotsInfo; llmsTxt?: { fetched: boolean; present: boolean; raw?: string; }; sitemap?: { ...; }; ... 16 more ...; pageLoadMs?: number; }'.
src/server.ts(8702,75): error TS2339: Property 'rawHtml' does not exist on type '{ title: string; body: string; html: string; structuredData?: StructuredData; robots?: RobotsInfo; llmsTxt?: { fetched: boolean; present: boolean; raw?: string; }; sitemap?: { ...; }; ... 16 more ...; pageLoadMs?: number; }'.
src/server.ts(8716,63): error TS2339: Property 'jsonLdBlocks' does not exist on type 'StructuredData'.
src/services/audit/contentAnalysis.ts(93,77): error TS2353: Object literal may only specify known properties, and 'locator' does not exist in type 'Partial<AuditEvidence>'.
src/services/audit/contentAnalysis.ts(95,5): error TS2353: Object literal may only specify known properties, and 'locator' does not exist in type 'Partial<AuditEvidence>'.
src/services/audit/contentAnalysis.ts(98,5): error TS2353: Object literal may only specify known properties, and 'locator' does not exist in type 'Partial<AuditEvidence>'.
src/services/audit/contentAnalysis.ts(102,5): error TS2353: Object literal may only specify known properties, and 'locator' does not exist in type 'Partial<AuditEvidence>'.
src/services/audit/contentAnalysis.ts(106,5): error TS2353: Object literal may only specify known properties, and 'snippet' does not exist in type 'Partial<AuditEvidence>'.
src/services/audit/contentAnalysis.ts(142,7): error TS2322: Type 'string[]' is not assignable to type 'string'.
src/services/audit/contentAnalysis.ts(166,7): error TS2322: Type 'string[]' is not assignable to type 'string'.
src/services/audit/contentAnalysis.ts(191,7): error TS2322: Type 'string[]' is not assignable to type 'string'.
src/services/audit/contentAnalysis.ts(216,7): error TS2322: Type 'string[]' is not assignable to type 'string'.
src/services/audit/contentAnalysis.ts(239,7): error TS2322: Type 'string[]' is not assignable to type 'string'.
src/services/audit/contentAnalysis.ts(264,7): error TS2322: Type 'string[]' is not assignable to type 'string'.
src/services/audit/contentAnalysis.ts(300,7): error TS2322: Type 'string[]' is not assignable to type 'string'.
src/services/audit/contentAnalysis.ts(488,7): error TS2353: Object literal may only specify known properties, and 'interpretability' does not exist in type 'Partial<AuditScoreBreakdown>'.
src/services/audit/entityClarity.ts(95,7): error TS2322: Type 'string[]' is not assignable to type 'string'.
src/services/audit/entityClarity.ts(137,7): error TS2322: Type 'string[]' is not assignable to type 'string'.
src/services/audit/entityClarity.ts(226,7): error TS2353: Object literal may only specify known properties, and 'trustEntityClarity' does not exist in type 'Partial<AuditScoreBreakdown>'.
src/services/audit/privateExposureLite.ts(117,7): error TS2322: Type 'string[]' is not assignable to type 'string'.
src/services/audit/privateExposureLite.ts(150,15): error TS2353: Object literal may only specify known properties, and 'securityExposure' does not exist in type 'Partial<AuditScoreBreakdown>'.
src/services/audit/technicalAnalysis.ts(51,91): error TS2353: Object literal may only specify known properties, and 'locator' does not exist in type 'Partial<AuditEvidence>'.
src/services/audit/technicalAnalysis.ts(52,89): error TS2353: Object literal may only specify known properties, and 'locator' does not exist in type 'Partial<AuditEvidence>'.
src/services/audit/technicalAnalysis.ts(140,7): error TS2322: Type 'string[]' is not assignable to type 'string'.
src/services/audit/technicalAnalysis.ts(177,15): error TS2353: Object literal may only specify known properties, and 'technicalIntegrity' does not exist in type 'Partial<AuditScoreBreakdown>'.
src/services/citationTester.ts(652,5): error TS2353: Object literal may only specify known properties, and 'wikipedia_search' does not exist in type 'CitationTestResult'.
src/services/citationTester.ts(682,9): error TS2353: Object literal may only specify known properties, and 'model_used' does not exist in type 'AICitationResult'.
src/services/citationTester.ts(759,5): error TS2353: Object literal may only specify known properties, and 'model_used' does not exist in type 'AICitationResult'.
src/services/engines/citationEngine.ts(226,7): error TS2322: Type '"success"' is not assignable to type '"ok" | "failed"'.
src/services/engines/citationEngine.ts(231,9): error TS2322: Type 'CitableSection[]' is not assignable to type 'string[]'.
  Type 'CitableSection' is not assignable to type 'string'.
src/services/engines/engineComposer.ts(240,63): error TS2339: Property 'variance_issues' does not exist on type 'unknown'.
src/services/engines/engineComposer.ts(245,65): error TS2339: Property 'consistency_ratio' does not exist on type 'unknown'.
src/services/engines/engineComposer.ts(464,26): error TS2339: Property 'interpretability' does not exist on type 'Partial<AuditScoreBreakdown>'.
src/services/engines/engineComposer.ts(465,26): error TS2339: Property 'extractability' does not exist on type 'Partial<AuditScoreBreakdown>'.
src/services/engines/engineComposer.ts(466,26): error TS2339: Property 'structuralClarity' does not exist on type 'Partial<AuditScoreBreakdown>'.
src/services/engines/engineComposer.ts(467,26): error TS2339: Property 'trustEntityClarity' does not exist on type 'Partial<AuditScoreBreakdown>'.
src/services/engines/engineComposer.ts(468,26): error TS2339: Property 'technicalIntegrity' does not exist on type 'Partial<AuditScoreBreakdown>'.
src/services/engines/engineComposer.ts(469,26): error TS2339: Property 'securityExposure' does not exist on type 'Partial<AuditScoreBreakdown>'.
src/services/engines/engineComposer.ts(469,70): error TS2339: Property 'securityExposure' does not exist on type 'Partial<AuditScoreBreakdown>'.
src/services/engines/entityEngine.ts(301,7): error TS2322: Type '"success"' is not assignable to type '"ok" | "failed"'.
src/services/engines/trustEngine.ts(216,7): error TS2322: Type '"success"' is not assignable to type '"ok" | "failed"'.
src/services/evidenceExtractor.ts(238,39): error TS2339: Property 'evidence_coverage_percent' does not exist on type 'unknown'.
src/services/evidenceExtractor.ts(238,97): error TS2339: Property 'evidence_ref_integrity_percent' does not exist on type 'unknown'.
src/services/evidenceExtractor.ts(239,23): error TS2339: Property 'evidence_coverage_percent' does not exist on type 'unknown'.
src/services/evidenceExtractor.ts(239,85): error TS2339: Property 'evidence_coverage_percent' does not exist on type 'unknown'.
src/services/evidenceExtractor.ts(240,38): error TS2339: Property 'evidence_coverage_percent' does not exist on type 'unknown'.
src/services/evidenceExtractor.ts(247,56): error TS2339: Property 'source_verified' does not exist on type 'unknown'.
src/services/evidenceExtractor.ts(247,77): error TS2339: Property 'source_verified' does not exist on type 'unknown'.
src/services/evidenceExtractor.ts(248,58): error TS2339: Property 'signal_consistent' does not exist on type 'unknown'.
src/services/evidenceExtractor.ts(248,81): error TS2339: Property 'signal_consistent' does not exist on type 'unknown'.
src/services/evidenceExtractor.ts(249,50): error TS2339: Property 'fact_unique' does not exist on type 'unknown'.
src/services/evidenceExtractor.ts(249,67): error TS2339: Property 'fact_unique' does not exist on type 'unknown'.
src/services/evidenceExtractor.ts(250,68): error TS2339: Property 'relationship_anchored' does not exist on type 'unknown'.
src/services/evidenceExtractor.ts(250,95): error TS2339: Property 'relationship_anchored' does not exist on type 'unknown'.
src/services/evidenceExtractor.ts(251,51): error TS2339: Property 'information_gain' does not exist on type 'unknown'.
src/services/evidenceExtractor.ts(252,11): error TS2339: Property 'information_gain' does not exist on type 'unknown'.
src/services/evidenceExtractor.ts(252,59): error TS2339: Property 'information_gain' does not exist on type 'unknown'.
src/services/evidenceExtractor.ts(260,74): error TS2339: Property 'status' does not exist on type 'unknown'.
src/services/evidenceExtractor.ts(261,22): error TS2339: Property 'status' does not exist on type 'unknown'.
src/services/evidenceExtractor.ts(261,70): error TS2339: Property 'status' does not exist on type 'unknown'.
src/services/evidenceExtractor.ts(262,37): error TS2339: Property 'status' does not exist on type 'unknown'.
src/services/evidenceExtractor.ts(262,79): error TS2339: Property 'blocker_count' does not exist on type 'unknown'.
src/services/fixpackGenerator.ts(557,7): error TS2322: Type 'string' is not assignable to type 'number'.
  Type 'string' is not assignable to type 'number'.
src/services/privateExposureScanService.ts(287,32): error TS2339: Property 'error' does not exist on type 'NormalizePublicUrlResult'.
  Property 'error' does not exist on type '{ ok: true; url: string; hostname: string; }'.
src/services/scraper.ts(613,58): error TS2339: Property 'error' does not exist on type 'NormalizePublicUrlResult'.
  Property 'error' does not exist on type '{ ok: true; url: string; hostname: string; }'.
src/utils/contentAnalyzer.ts(23,5): error TS2322: Type 'unknown' is not assignable to type 'number'.
src/utils/contentAnalyzer.ts(23,119): error TS2339: Property 'length' does not exist on type 'unknown'.
src/utils/contentAnalyzer.ts(60,106): error TS2345: Argument of type 'unknown' is not assignable to parameter of type 'string'.
src/utils/contentAnalyzer.ts(81,110): error TS2345: Argument of type 'unknown' is not assignable to parameter of type 'string'.
src/utils/contentAnalyzer.ts(102,110): error TS2345: Argument of type 'unknown' is not assignable to parameter of type 'string'.
src/utils/forensicPipeline.ts(28,27): error TS2339: Property 'inputNormalization' does not exist on type '{}'.
src/utils/forensicPipeline.ts(41,27): error TS2339: Property 'discovery' does not exist on type '{}'.
src/utils/forensicPipeline.ts(47,27): error TS2339: Property 'crawl' does not exist on type '{}'.
src/utils/forensicPipeline.ts(63,27): error TS2339: Property 'extraction' does not exist on type '{}'.
src/utils/forensicPipeline.ts(69,27): error TS2339: Property 'technicalChecks' does not exist on type '{}'.
src/utils/forensicPipeline.ts(75,27): error TS2339: Property 'contentClarity' does not exist on type '{}'.
src/utils/forensicPipeline.ts(96,20): error TS2339: Property 'visibilityStatus' does not exist on type '{ success: boolean; stages: {}; allEvidence: any[]; scores: {}; risks: any[]; recommendations: any[]; errors: any[]; }'.
src/utils/forensicPipeline.ts(96,87): error TS2339: Property 'overall' does not exist on type '{}'.
src/utils/scoringEngine.ts(176,29): error TS2362: The left-hand side of an arithmetic operation must be of type 'any', 'number', 'bigint' or an enum type.
src/utils/scoringEngine.ts(176,33): error TS2363: The right-hand side of an arithmetic operation must be of type 'any', 'number', 'bigint' or an enum type.
src/utils/scoringEngine.ts(179,9): error TS2365: Operator '<' cannot be applied to types 'unknown' and 'number'.
src/utils/scoringEngine.ts(182,19): error TS2365: Operator '<' cannot be applied to types 'unknown' and 'number'.
src/utils/stripe.ts(9,7): error TS2322: Type '"2023-10-16"' is not assignable to type '"2025-02-24.acacia"'.
../shared/domain.ts(55,74): error TS2345: Argument of type '(issue: EvidenceDrivenFixIssue, index: number) => { id: string; title: string; severity: Severity; impactScore: number; evidenceIds: string[]; fix: string; }' is not assignable to parameter of type '(value: { id: string; label: string; severity: string; fix_type: string; evidence_ids: string[]; }, index: number, array: { id: string; label: string; severity: string; fix_type: string; evidence_ids: string[]; }[]) => { ...; }'.
  Types of parameters 'issue' and 'value' are incompatible.
    Type '{ id: string; label: string; severity: string; fix_type: string; evidence_ids: string[]; }' is missing the following properties from type 'EvidenceDrivenFixIssue': finding, actual_fix
../shared/domain.ts(64,77): error TS2345: Argument of type '(issue: EvidenceDrivenFixIssue, index: number) => { id: string; source: string; proof: string; description: string; verifiedBy: "parser"; }' is not assignable to parameter of type '(value: { id: string; label: string; severity: string; fix_type: string; evidence_ids: string[]; }, index: number, array: { id: string; label: string; severity: string; fix_type: string; evidence_ids: string[]; }[]) => { ...; }'.
  Types of parameters 'issue' and 'value' are incompatible.
    Type '{ id: string; label: string; severity: string; fix_type: string; evidence_ids: string[]; }' is missing the following properties from type 'EvidenceDrivenFixIssue': finding, actual_fix
'true' is not recognized as an internal or external command,
operable program or batch file.
