src/controllers/aiAuditController.ts(1,33): error TS2835: Relative import paths need explicit file extensions in ECMAScript imports when '--moduleResolution' is 'node16' or 'nodenext'. Did you mean '../models/AiAuditRun.js'?
src/controllers/aiAuditController.ts(2,41): error TS2835: Relative import paths need explicit file extensions in ECMAScript imports when '--moduleResolution' is 'node16' or 'nodenext'. Did you mean '../models/BuildSpecBlueprint.js'?
src/controllers/aiAuditController.ts(4,30): error TS7016: Could not find a declaration file for module 'uuid'. 'C:/Users/Ma$e/Desktop/aivis/aivis/server/node_modules/uuid/wrapper.mjs' implicitly has an 'any' type.
  Try `npm i --save-dev @types/uuid` if it exists or add a new declaration (.d.ts) file containing `declare module 'uuid';`
src/controllers/aiController.ts(1,23): error TS2835: Relative import paths need explicit file extensions in ECMAScript imports when '--moduleResolution' is 'node16' or 'nodenext'. Did you mean '../models/Audit.js'?
src/controllers/aiController.ts(3,37): error TS2835: Relative import paths need explicit file extensions in ECMAScript imports when '--moduleResolution' is 'node16' or 'nodenext'. Did you mean '../config/aiProviders.js'?
src/controllers/aiController.ts(4,40): error TS2835: Relative import paths need explicit file extensions in ECMAScript imports when '--moduleResolution' is 'node16' or 'nodenext'. Did you mean '../utils/evidence.js'?
src/controllers/aiController.ts(9,20): error TS18048: 'req.user' is possibly 'undefined'.
src/controllers/aiController.ts(112,28): error TS18046: 'error' is of type 'unknown'.
src/controllers/aiController.ts(118,14): error TS18046: 'error' is of type 'unknown'.
src/controllers/aiOrchestratorController.ts(1,48): error TS2835: Relative import paths need explicit file extensions in ECMAScript imports when '--moduleResolution' is 'node16' or 'nodenext'. Did you mean '../config/aiProviders.js'?
src/controllers/aiOrchestratorController.ts(2,47): error TS2835: Relative import paths need explicit file extensions in ECMAScript imports when '--moduleResolution' is 'node16' or 'nodenext'. Did you mean '../constants/promptTemplates.js'?
src/controllers/aiOrchestratorController.ts(3,39): error TS2835: Relative import paths need explicit file extensions in ECMAScript imports when '--moduleResolution' is 'node16' or 'nodenext'. Did you mean '../models/AnalysisAuditLog.js'?
src/controllers/aiOrchestratorController.ts(4,31): error TS2835: Relative import paths need explicit file extensions in ECMAScript imports when '--moduleResolution' is 'node16' or 'nodenext'. Did you mean '../models/Evidence.js'?
src/controllers/assistantController.ts(23,3): error TS2353: Object literal may only specify known properties, and 'scorefix' does not exist in type 'Record<CanonicalTier, number>'.
src/controllers/assistantController.ts(148,3): error TS2353: Object literal may only specify known properties, and 'scorefix' does not exist in type 'Record<CanonicalTier, string>'.
src/controllers/assistantController.ts(289,47): error TS2339: Property 'scorefix' does not exist on type 'Readonly<Record<CanonicalTier, TierLimits>>'.
src/controllers/auditController.ts(1,19): error TS2835: Relative import paths need explicit file extensions in ECMAScript imports when '--moduleResolution' is 'node16' or 'nodenext'. Did you mean '../models/Audit.js'?
src/controllers/auditController.ts(2,21): error TS2835: Relative import paths need explicit file extensions in ECMAScript imports when '--moduleResolution' is 'node16' or 'nodenext'. Did you mean '../models/Website.js'?
src/controllers/auditController.ts(3,18): error TS2835: Relative import paths need explicit file extensions in ECMAScript imports when '--moduleResolution' is 'node16' or 'nodenext'. Did you mean '../models/User.js'?
src/controllers/auditController.ts(5,40): error TS2835: Relative import paths need explicit file extensions in ECMAScript imports when '--moduleResolution' is 'node16' or 'nodenext'. Did you mean '../utils/evidence.js'?
src/controllers/auditController.ts(6,37): error TS2835: Relative import paths need explicit file extensions in ECMAScript imports when '--moduleResolution' is 'node16' or 'nodenext'. Did you mean '../utils/forensicPipeline.js'?
src/controllers/auditController.ts(7,33): error TS2835: Relative import paths need explicit file extensions in ECMAScript imports when '--moduleResolution' is 'node16' or 'nodenext'. Did you mean '../utils/pricingUtils.js'?
src/controllers/auditController.ts(9,35): error TS7006: Parameter 'req' implicitly has an 'any' type.
src/controllers/auditController.ts(9,40): error TS7006: Parameter 'res' implicitly has an 'any' type.
src/controllers/auditController.ts(94,44): error TS7006: Parameter 'ev' implicitly has an 'any' type.
src/controllers/auditController.ts(116,30): error TS18046: 'error' is of type 'unknown'.
src/controllers/auditController.ts(128,14): error TS18046: 'error' is of type 'unknown'.
src/controllers/auditController.ts(134,33): error TS7006: Parameter 'req' implicitly has an 'any' type.
src/controllers/auditController.ts(134,38): error TS7006: Parameter 'res' implicitly has an 'any' type.
src/controllers/auditController.ts(141,13): error TS2339: Property 'status' does not exist on type '{ userId: any; }'.
src/controllers/auditController.ts(166,14): error TS18046: 'error' is of type 'unknown'.
src/controllers/auditController.ts(172,36): error TS7006: Parameter 'req' implicitly has an 'any' type.
src/controllers/auditController.ts(172,41): error TS7006: Parameter 'res' implicitly has an 'any' type.
src/controllers/auditController.ts(195,14): error TS18046: 'error' is of type 'unknown'.
src/controllers/auditController.ts(201,41): error TS7006: Parameter 'req' implicitly has an 'any' type.
src/controllers/auditController.ts(201,46): error TS7006: Parameter 'res' implicitly has an 'any' type.
src/controllers/auditController.ts(237,14): error TS18046: 'error' is of type 'unknown'.
src/controllers/authController.ts(1,18): error TS2835: Relative import paths need explicit file extensions in ECMAScript imports when '--moduleResolution' is 'node16' or 'nodenext'. Did you mean '../models/User.js'?
src/controllers/authController.ts(9,24): error TS7006: Parameter 'id' implicitly has an 'any' type.
src/controllers/authController.ts(15,32): error TS7006: Parameter 'req' implicitly has an 'any' type.
src/controllers/authController.ts(15,37): error TS7006: Parameter 'res' implicitly has an 'any' type.
src/controllers/authController.ts(59,14): error TS18046: 'error' is of type 'unknown'.
src/controllers/authController.ts(65,29): error TS7006: Parameter 'req' implicitly has an 'any' type.
src/controllers/authController.ts(65,34): error TS7006: Parameter 'res' implicitly has an 'any' type.
src/controllers/authController.ts(120,14): error TS18046: 'error' is of type 'unknown'.
src/controllers/authController.ts(126,34): error TS7006: Parameter 'req' implicitly has an 'any' type.
src/controllers/authController.ts(126,39): error TS7006: Parameter 'res' implicitly has an 'any' type.
src/controllers/authController.ts(137,14): error TS18046: 'error' is of type 'unknown'.
src/controllers/authController.ts(143,37): error TS7006: Parameter 'req' implicitly has an 'any' type.
src/controllers/authController.ts(143,42): error TS7006: Parameter 'res' implicitly has an 'any' type.
src/controllers/authController.ts(176,14): error TS18046: 'error' is of type 'unknown'.
src/controllers/authController.ts(182,38): error TS7006: Parameter 'req' implicitly has an 'any' type.
src/controllers/authController.ts(182,43): error TS7006: Parameter 'res' implicitly has an 'any' type.
src/controllers/authController.ts(207,14): error TS18046: 'error' is of type 'unknown'.
src/controllers/authController.ts(213,41): error TS7006: Parameter 'req' implicitly has an 'any' type.
src/controllers/authController.ts(213,46): error TS7006: Parameter 'res' implicitly has an 'any' type.
src/controllers/authController.ts(226,14): error TS18046: 'error' is of type 'unknown'.
src/controllers/authController.ts(232,37): error TS7006: Parameter 'req' implicitly has an 'any' type.
src/controllers/authController.ts(232,42): error TS7006: Parameter 'res' implicitly has an 'any' type.
src/controllers/authController.ts(278,14): error TS18046: 'error' is of type 'unknown'.
src/controllers/authController.ts(284,39): error TS7006: Parameter 'req' implicitly has an 'any' type.
src/controllers/authController.ts(284,44): error TS7006: Parameter 'res' implicitly has an 'any' type.
src/controllers/authController.ts(334,14): error TS18046: 'error' is of type 'unknown'.
src/controllers/authController.ts(340,37): error TS7006: Parameter 'req' implicitly has an 'any' type.
src/controllers/authController.ts(340,42): error TS7006: Parameter 'res' implicitly has an 'any' type.
src/controllers/authController.ts(394,14): error TS18046: 'error' is of type 'unknown'.
src/controllers/brandController.ts(1,19): error TS2835: Relative import paths need explicit file extensions in ECMAScript imports when '--moduleResolution' is 'node16' or 'nodenext'. Did you mean '../models/Brand.js'?
src/controllers/brandController.ts(4,32): error TS7006: Parameter 'req' implicitly has an 'any' type.
src/controllers/brandController.ts(4,37): error TS7006: Parameter 'res' implicitly has an 'any' type.
src/controllers/brandController.ts(34,14): error TS18046: 'error' is of type 'unknown'.
src/controllers/brandController.ts(40,35): error TS7006: Parameter 'req' implicitly has an 'any' type.
src/controllers/brandController.ts(40,40): error TS7006: Parameter 'res' implicitly has an 'any' type.
src/controllers/brandController.ts(58,9): error TS18046: 'error' is of type 'unknown'.
src/controllers/brandController.ts(68,14): error TS18046: 'error' is of type 'unknown'.
src/controllers/brandController.ts(74,35): error TS7006: Parameter 'req' implicitly has an 'any' type.
src/controllers/brandController.ts(74,40): error TS7006: Parameter 'res' implicitly has an 'any' type.
src/controllers/brandController.ts(108,14): error TS18046: 'error' is of type 'unknown'.
src/controllers/brandController.ts(114,35): error TS7006: Parameter 'req' implicitly has an 'any' type.
src/controllers/brandController.ts(114,40): error TS7006: Parameter 'res' implicitly has an 'any' type.
src/controllers/brandController.ts(135,14): error TS18046: 'error' is of type 'unknown'.
src/controllers/brandController.ts(141,36): error TS7006: Parameter 'req' implicitly has an 'any' type.
src/controllers/brandController.ts(141,41): error TS7006: Parameter 'res' implicitly has an 'any' type.
src/controllers/brandController.ts(164,14): error TS18046: 'error' is of type 'unknown'.
src/controllers/citations.controllers.ts(22,3): error TS2305: Module '"../../../shared/types.js"' has no exported member 'AuthorityCheckResponse'.
src/controllers/citations.controllers.ts(23,3): error TS2305: Module '"../../../shared/types.js"' has no exported member 'AuthorityCitationItem'.
src/controllers/citations.controllers.ts(24,3): error TS2305: Module '"../../../shared/types.js"' has no exported member 'AuthorityPlatform'.
src/controllers/citations.controllers.ts(25,3): error TS2305: Module '"../../../shared/types.js"' has no exported member 'CitationIdentityResponse'.
src/controllers/citations.controllers.ts(26,3): error TS2305: Module '"../../../shared/types.js"' has no exported member 'ContentNature'.
src/controllers/citations.controllers.ts(44,3): error TS2305: Module '"../../../shared/types.js"' has no exported member 'CitationMentionTrend'.
src/controllers/citations.controllers.ts(45,3): error TS2305: Module '"../../../shared/types.js"' has no exported member 'CitationCompetitorShareEntry'.
src/controllers/citations.controllers.ts(46,3): error TS2305: Module '"../../../shared/types.js"' has no exported member 'CitationDropAlert'.
src/controllers/citations.controllers.ts(47,3): error TS2305: Module '"../../../shared/types.js"' has no exported member 'CitationCoOccurrence'.
src/controllers/citations.controllers.ts(48,3): error TS2305: Module '"../../../shared/types.js"' has no exported member 'ConsistencyMatrixCell'.
src/controllers/citations.controllers.ts(1655,26): error TS2339: Property 'model_used' does not exist on type 'AICitationResult'.
src/controllers/citations.controllers.ts(1656,26): error TS2339: Property 'model_role' does not exist on type 'AICitationResult'.
src/controllers/paymentController.ts(1202,7): error TS2353: Object literal may only specify known properties, and 'scorefix' does not exist in type 'Record<CanonicalTier, number>'.
src/controllers/paymentController.ts(1210,9): error TS2367: This comparison appears to be unintentional because the types 'CanonicalTier' and '"scorefix"' have no overlap.
src/controllers/paymentController.ts(1250,32): error TS2367: This comparison appears to be unintentional because the types '"alignment"' and '"scorefix"' have no overlap.
src/controllers/paymentController.ts(1254,11): error TS2367: This comparison appears to be unintentional because the types '"alignment" | "signal"' and '"scorefix"' have no overlap.
src/controllers/statusController.ts(2,18): error TS2834: Relative import paths need explicit file extensions in ECMAScript imports when '--moduleResolution' is 'node16' or 'nodenext'. Consider adding an extension to the import path.
src/controllers/statusController.ts(4,36): error TS7006: Parameter 'req' implicitly has an 'any' type.
src/controllers/statusController.ts(4,41): error TS7006: Parameter 'res' implicitly has an 'any' type.
src/controllers/statusController.ts(50,33): error TS7006: Parameter 'req' implicitly has an 'any' type.
src/controllers/statusController.ts(50,38): error TS7006: Parameter 'res' implicitly has an 'any' type.
src/controllers/statusUpdateController.ts(1,26): error TS2835: Relative import paths need explicit file extensions in ECMAScript imports when '--moduleResolution' is 'node16' or 'nodenext'. Did you mean '../models/StatusUpdate.js'?
src/controllers/statusUpdateController.ts(3,40): error TS7006: Parameter 'req' implicitly has an 'any' type.
src/controllers/statusUpdateController.ts(3,45): error TS7006: Parameter 'res' implicitly has an 'any' type.
src/controllers/statusUpdateController.ts(3,50): error TS7006: Parameter 'next' implicitly has an 'any' type.
src/controllers/statusUpdateController.ts(14,42): error TS7006: Parameter 'req' implicitly has an 'any' type.
src/controllers/statusUpdateController.ts(14,47): error TS7006: Parameter 'res' implicitly has an 'any' type.
src/controllers/statusUpdateController.ts(14,52): error TS7006: Parameter 'next' implicitly has an 'any' type.
src/controllers/statusUpdateController.ts(31,42): error TS7006: Parameter 'req' implicitly has an 'any' type.
src/controllers/statusUpdateController.ts(31,47): error TS7006: Parameter 'res' implicitly has an 'any' type.
src/controllers/statusUpdateController.ts(31,52): error TS7006: Parameter 'next' implicitly has an 'any' type.
src/middleware/featureGate.ts(65,3): error TS2322: Type '"hasMentionDigests"' is not assignable to type 'keyof TierLimits | undefined'.
src/middleware/featureGate.ts(66,3): error TS2322: Type '"hasNicheDiscovery"' is not assignable to type 'keyof TierLimits | undefined'.
src/middleware/featureGate.ts(67,3): error TS2322: Type '"hasTripleCheck"' is not assignable to type 'keyof TierLimits | undefined'.
src/middleware/featureGate.ts(68,3): error TS2322: Type '"hasAlertIntegrations"' is not assignable to type 'keyof TierLimits | undefined'.
src/middleware/featureGate.ts(69,3): error TS2322: Type '"hasAutomationWorkflows"' is not assignable to type 'keyof TierLimits | undefined'.
src/middleware/featureGate.ts(70,3): error TS2322: Type '"hasPriorityQueue"' is not assignable to type 'keyof TierLimits | undefined'.
src/middleware/featureGate.ts(71,3): error TS2322: Type '"hasAutoPR"' is not assignable to type 'keyof TierLimits | undefined'.
src/middleware/featureGate.ts(72,3): error TS2322: Type '"hasBatchRemediation"' is not assignable to type 'keyof TierLimits | undefined'.
src/middleware/featureGate.ts(73,3): error TS2322: Type '"hasEvidenceLinkedPRs"' is not assignable to type 'keyof TierLimits | undefined'.
src/middleware/featureGate.ts(279,80): error TS2322: Type '"scorefix"' is not assignable to type 'CanonicalTier'.
src/middleware/tieredRateLimiter.ts(25,5): error TS2353: Object literal may only specify known properties, and 'scorefix' does not exist in type 'Record<CanonicalTier, { maxRequests: number; windowMs: number; }>'.
src/middleware/tieredRateLimiter.ts(31,5): error TS2353: Object literal may only specify known properties, and 'scorefix' does not exist in type 'Record<CanonicalTier, { maxRequests: number; windowMs: number; }>'.
src/models/AiAuditRun.ts(1,22): error TS2835: Relative import paths need explicit file extensions in ECMAScript imports when '--moduleResolution' is 'node16' or 'nodenext'. Did you mean '../../services/postgresql.js'?
src/models/AnalysisAuditLog.ts(1,22): error TS2835: Relative import paths need explicit file extensions in ECMAScript imports when '--moduleResolution' is 'node16' or 'nodenext'. Did you mean '../../services/postgresql.js'?
src/models/BuildSpecBlueprint.ts(1,22): error TS2835: Relative import paths need explicit file extensions in ECMAScript imports when '--moduleResolution' is 'node16' or 'nodenext'. Did you mean '../../services/postgresql.js'?
src/models/Evidence.ts(1,22): error TS2835: Relative import paths need explicit file extensions in ECMAScript imports when '--moduleResolution' is 'node16' or 'nodenext'. Did you mean '../../services/postgresql.js'?
src/models/StatusUpdate.ts(1,22): error TS2835: Relative import paths need explicit file extensions in ECMAScript imports when '--moduleResolution' is 'node16' or 'nodenext'. Did you mean '../../services/postgresql.js'?
src/routes/aiAudit.ts(3,25): error TS5097: An import path can only end with a '.ts' extension when 'allowImportingTsExtensions' is enabled.
src/routes/aiAudit.ts(4,28): error TS5097: An import path can only end with a '.ts' extension when 'allowImportingTsExtensions' is enabled.
src/routes/aiAudit.ts(9,8): error TS5097: An import path can only end with a '.ts' extension when 'allowImportingTsExtensions' is enabled.
src/routes/aiAudit.ts(13,31): error TS7006: Parameter 'req' implicitly has an 'any' type.
src/routes/aiAudit.ts(19,25): error TS7006: Parameter 'err' implicitly has an 'any' type.
src/routes/aiAudit.ts(43,18): error TS2345: Argument of type '"ai_audit"' is not assignable to parameter of type 'FeatureName'.
src/routes/aiAudit.ts(88,18): error TS2345: Argument of type '"ai_audit"' is not assignable to parameter of type 'FeatureName'.
src/routes/aiAudit.ts(103,42): error TS2345: Argument of type 'string | string[]' is not assignable to parameter of type 'string'.
  Type 'string[]' is not assignable to type 'string'.
src/routes/aiOrchestratorRoutes.ts(2,37): error TS5097: An import path can only end with a '.ts' extension when 'allowImportingTsExtensions' is enabled.
src/routes/aiOrchestratorRoutes.ts(3,25): error TS5097: An import path can only end with a '.ts' extension when 'allowImportingTsExtensions' is enabled.
src/routes/aiRoutes.ts(2,32): error TS5097: An import path can only end with a '.ts' extension when 'allowImportingTsExtensions' is enabled.
src/routes/aiRoutes.ts(3,25): error TS5097: An import path can only end with a '.ts' extension when 'allowImportingTsExtensions' is enabled.
src/routes/auditRoutes.ts(8,8): error TS5097: An import path can only end with a '.ts' extension when 'allowImportingTsExtensions' is enabled.
src/routes/auditRoutes.ts(9,25): error TS5097: An import path can only end with a '.ts' extension when 'allowImportingTsExtensions' is enabled.
src/routes/brand.ts(2,79): error TS5097: An import path can only end with a '.ts' extension when 'allowImportingTsExtensions' is enabled.
src/routes/brand.ts(4,38): error TS5097: An import path can only end with a '.ts' extension when 'allowImportingTsExtensions' is enabled.
src/routes/exportRoutes.ts(3,25): error TS5097: An import path can only end with a '.ts' extension when 'allowImportingTsExtensions' is enabled.
src/routes/exportRoutes.ts(4,28): error TS5097: An import path can only end with a '.ts' extension when 'allowImportingTsExtensions' is enabled.
src/routes/exportRoutes.ts(5,19): error TS6142: Module '../models/Audit.ts' was resolved to 'C:/Users/Ma$e/Desktop/aivis/aivis/server/src/models/Audit.tsx', but '--jsx' is not set.
src/routes/exportRoutes.ts(19,25): error TS7006: Parameter 'err' implicitly has an 'any' type.
src/routes/exportRoutes.ts(39,30): error TS7006: Parameter 'req' implicitly has an 'any' type.
src/routes/exportRoutes.ts(54,30): error TS7006: Parameter 'req' implicitly has an 'any' type.
src/routes/exportRoutes.ts(64,27): error TS7006: Parameter 'auditDoc' implicitly has an 'any' type.
src/routes/exportRoutes.ts(111,22): error TS18048: 'req.user' is possibly 'undefined'.
src/routes/exportRoutes.ts(155,22): error TS18048: 'req.user' is possibly 'undefined'.
src/routes/exportRoutes.ts(225,22): error TS18048: 'req.user' is possibly 'undefined'.
src/routes/exportRoutes.ts(265,22): error TS18048: 'req.user' is possibly 'undefined'.
src/routes/exportRoutes.ts(325,23): error TS7006: Parameter 'v' implicitly has an 'any' type.
src/routes/exportRoutes.ts(368,22): error TS18048: 'req.user' is possibly 'undefined'.
src/routes/featureRoutes.ts(297,25): error TS2551: Property 'maxScheduledRescans' does not exist on type 'TierLimits'. Did you mean 'hasScheduledRescans'?
src/routes/featureRoutes.ts(298,40): error TS2339: Property 'allowedRescanFrequencies' does not exist on type 'TierLimits'.
src/routes/featureRoutes.ts(307,29): error TS2339: Property 'maxApiKeys' does not exist on type 'TierLimits'.
src/routes/featureRoutes.ts(312,25): error TS2339: Property 'maxWebhooks' does not exist on type 'TierLimits'.
src/routes/featureRoutes.ts(317,25): error TS2339: Property 'maxReportDeliveries' does not exist on type 'TierLimits'.
src/routes/featureRoutes.ts(683,33): error TS2339: Property 'allowedRescanFrequencies' does not exist on type 'TierLimits'.
src/routes/featureRoutes.ts(692,35): error TS2551: Property 'maxScheduledRescans' does not exist on type 'TierLimits'. Did you mean 'hasScheduledRescans'?
src/routes/featureRoutes.ts(693,78): error TS2551: Property 'maxScheduledRescans' does not exist on type 'TierLimits'. Did you mean 'hasScheduledRescans'?
src/routes/reports.ts(10,29): error TS2834: Relative import paths need explicit file extensions in ECMAScript imports when '--moduleResolution' is 'node16' or 'nodenext'. Consider adding an extension to the import path.
src/routes/status.ts(2,41): error TS2835: Relative import paths need explicit file extensions in ECMAScript imports when '--moduleResolution' is 'node16' or 'nodenext'. Did you mean '../controllers/statusController.js'?
src/routes/status.ts(4,25): error TS2835: Relative import paths need explicit file extensions in ECMAScript imports when '--moduleResolution' is 'node16' or 'nodenext'. Did you mean '../middleware/auth.js'?
src/routes/statusUpdates.ts(2,74): error TS5097: An import path can only end with a '.ts' extension when 'allowImportingTsExtensions' is enabled.
src/routes/webhooks.ts(2,35): error TS2835: Relative import paths need explicit file extensions in ECMAScript imports when '--moduleResolution' is 'node16' or 'nodenext'. Did you mean '../utils/stripe.js'?
src/routes/webhooks.ts(3,78): error TS2835: Relative import paths need explicit file extensions in ECMAScript imports when '--moduleResolution' is 'node16' or 'nodenext'. Did you mean '../models/User.js'?
src/routes/workspaceRoutes.ts(66,19): error TS2339: Property 'hasTeamWorkspaces' does not exist on type 'TierLimits'.
src/routes/workspaceRoutes.ts(116,19): error TS2339: Property 'hasTeamWorkspaces' does not exist on type 'TierLimits'.
src/routes/workspaceRoutes.ts(130,31): error TS2339: Property 'maxTeamMembers' does not exist on type 'TierLimits'.
src/routes/workspaceRoutes.ts(258,19): error TS2339: Property 'hasTeamWorkspaces' does not exist on type 'TierLimits'.
src/routes/workspaceRoutes.ts(272,31): error TS2339: Property 'maxTeamMembers' does not exist on type 'TierLimits'.
src/server.ts(44,42): error TS2305: Module '"../../shared/types.js"' has no exported member 'StrictRubricSystem'.
src/server.ts(687,68): error TS2345: Argument of type '"minimal"' is not assignable to parameter of type 'TextSummaryDepth'.
src/server.ts(2760,20): error TS2339: Property 'schema_score' does not exist on type 'SchemaMarkup'.
src/server.ts(3016,25): error TS2367: This comparison appears to be unintentional because the types 'UiTier' and '"scorefix"' have no overlap.
src/server.ts(5310,19): error TS7006: Parameter 'sum' implicitly has an 'any' type.
src/server.ts(5310,24): error TS7006: Parameter 'gate' implicitly has an 'any' type.
src/server.ts(5314,14): error TS7006: Parameter 'gate' implicitly has an 'any' type.
src/server.ts(5315,11): error TS7006: Parameter 'gate' implicitly has an 'any' type.
src/server.ts(5390,51): error TS7006: Parameter 'fixpack' implicitly has an 'any' type.
src/server.ts(5391,35): error TS7006: Parameter 'gateId' implicitly has an 'any' type.
src/server.ts(5394,35): error TS7006: Parameter 'gate' implicitly has an 'any' type.
src/server.ts(5396,50): error TS7006: Parameter 'sum' implicitly has an 'any' type.
src/server.ts(5396,55): error TS7006: Parameter 'pack' implicitly has an 'any' type.
src/server.ts(5405,40): error TS7006: Parameter 'gate' implicitly has an 'any' type.
src/server.ts(6755,58): error TS2367: This comparison appears to be unintentional because the types '"observer" | "alignment"' and '"scorefix"' have no overlap.
src/server.ts(6756,28): error TS2367: This comparison appears to be unintentional because the types 'UiTier' and '"scorefix"' have no overlap.
src/server.ts(7009,20): error TS2339: Property 'schema_score' does not exist on type 'SchemaMarkup'.
src/server.ts(7069,9): error TS2367: This comparison appears to be unintentional because the types 'UiTier' and '"scorefix"' have no overlap.
src/server.ts(7324,22): error TS2339: Property 'schema_score' does not exist on type 'SchemaMarkup'.
src/server.ts(7325,31): error TS2339: Property 'schema_score' does not exist on type 'SchemaMarkup'.
src/server.ts(8170,7): error TS2367: This comparison appears to be unintentional because the types 'UiTier' and '"scorefix"' have no overlap.
src/server.ts(8672,22): error TS2367: This comparison appears to be unintentional because the types 'UiTier' and '"scorefix"' have no overlap.
src/server.ts(8677,29): error TS2367: This comparison appears to be unintentional because the types 'UiTier' and '"scorefix"' have no overlap.
src/server.ts(8678,27): error TS2367: This comparison appears to be unintentional because the types 'UiTier' and '"scorefix"' have no overlap.
src/server.ts(8725,49): error TS2367: This comparison appears to be unintentional because the types 'UiTier' and '"scorefix"' have no overlap.
src/server.ts(8865,23): error TS2367: This comparison appears to be unintentional because the types 'UiTier' and '"scorefix"' have no overlap.
src/server.ts(9073,7): error TS2367: This comparison appears to be unintentional because the types 'UiTier' and '"scorefix"' have no overlap.
src/server.ts(10083,47): error TS2367: This comparison appears to be unintentional because the types '"observer" | "alignment"' and '"scorefix"' have no overlap.
src/services/agentTaskService.ts(38,3): error TS2353: Object literal may only specify known properties, and 'scorefix' does not exist in type 'Record<CanonicalTier, number>'.
src/services/apiKeyService.ts(96,37): error TS2339: Property 'maxApiKeys' does not exist on type 'TierLimits'.
src/services/audit/auditOrchestrator.ts(10,15): error TS2305: Module '"../../../../shared/types/audit.js"' has no exported member 'AuditEvidence'.
src/services/audit/auditOrchestrator.ts(10,30): error TS2305: Module '"../../../../shared/types/audit.js"' has no exported member 'AuditFinding'.
src/services/audit/auditOrchestrator.ts(10,44): error TS2305: Module '"../../../../shared/types/audit.js"' has no exported member 'AuditFix'.
src/services/audit/auditOrchestrator.ts(10,54): error TS2305: Module '"../../../../shared/types/audit.js"' has no exported member 'AuditScoreBreakdown'.
src/services/audit/contentAnalysis.ts(3,3): error TS2305: Module '"../../../../shared/types/audit.js"' has no exported member 'AuditEvidence'.
src/services/audit/contentAnalysis.ts(4,3): error TS2305: Module '"../../../../shared/types/audit.js"' has no exported member 'AuditFinding'.
src/services/audit/contentAnalysis.ts(5,3): error TS2305: Module '"../../../../shared/types/audit.js"' has no exported member 'AuditFix'.
src/services/audit/contentAnalysis.ts(6,3): error TS2305: Module '"../../../../shared/types/audit.js"' has no exported member 'AuditModuleResult'.
src/services/audit/contentAnalysis.ts(7,3): error TS2305: Module '"../../../../shared/types/audit.js"' has no exported member 'AuditScoreBreakdown'.
src/services/audit/entityClarity.ts(3,3): error TS2305: Module '"../../../../shared/types/audit.js"' has no exported member 'AuditEvidence'.
src/services/audit/entityClarity.ts(4,3): error TS2305: Module '"../../../../shared/types/audit.js"' has no exported member 'AuditFinding'.
src/services/audit/entityClarity.ts(5,3): error TS2305: Module '"../../../../shared/types/audit.js"' has no exported member 'AuditFix'.
src/services/audit/entityClarity.ts(6,3): error TS2305: Module '"../../../../shared/types/audit.js"' has no exported member 'AuditModuleResult'.
src/services/audit/entityClarity.ts(7,3): error TS2305: Module '"../../../../shared/types/audit.js"' has no exported member 'AuditScoreBreakdown'.
src/services/audit/privateExposureLite.ts(2,15): error TS2305: Module '"../../../../shared/types/audit.js"' has no exported member 'AuditEvidence'.
src/services/audit/privateExposureLite.ts(2,30): error TS2305: Module '"../../../../shared/types/audit.js"' has no exported member 'AuditFinding'.
src/services/audit/privateExposureLite.ts(2,44): error TS2305: Module '"../../../../shared/types/audit.js"' has no exported member 'AuditFix'.
src/services/audit/privateExposureLite.ts(2,54): error TS2305: Module '"../../../../shared/types/audit.js"' has no exported member 'AuditModuleResult'.
src/services/audit/technicalAnalysis.ts(2,15): error TS2305: Module '"../../../../shared/types/audit.js"' has no exported member 'AuditEvidence'.
src/services/audit/technicalAnalysis.ts(2,30): error TS2305: Module '"../../../../shared/types/audit.js"' has no exported member 'AuditFinding'.
src/services/audit/technicalAnalysis.ts(2,44): error TS2305: Module '"../../../../shared/types/audit.js"' has no exported member 'AuditFix'.
src/services/audit/technicalAnalysis.ts(2,54): error TS2305: Module '"../../../../shared/types/audit.js"' has no exported member 'AuditModuleResult'.
src/services/auditPersistenceService.ts(5,15): error TS2305: Module '"../../../shared/types.js"' has no exported member 'ContradictionReport'.
src/services/auditPersistenceService.ts(5,36): error TS2305: Module '"../../../shared/types.js"' has no exported member 'GeoSignalProfile'.
src/services/auditTruthService.ts(3,15): error TS2305: Module '"../../../shared/types.js"' has no exported member 'AuditTruthHistoryEntry'.
src/services/auditTruthService.ts(3,39): error TS2305: Module '"../../../shared/types.js"' has no exported member 'ContradictionReport'.
src/services/auditTruthService.ts(3,60): error TS2305: Module '"../../../shared/types.js"' has no exported member 'GeoSignalProfile'.
src/services/citationIntelligenceService.ts(16,3): error TS2305: Module '"../../../shared/types.js"' has no exported member 'CitationMentionTrend'.
src/services/citationIntelligenceService.ts(17,3): error TS2305: Module '"../../../shared/types.js"' has no exported member 'CitationCompetitorShareEntry'.
src/services/citationIntelligenceService.ts(18,3): error TS2305: Module '"../../../shared/types.js"' has no exported member 'CitationDropAlert'.
src/services/citationIntelligenceService.ts(19,3): error TS2305: Module '"../../../shared/types.js"' has no exported member 'CitationCoOccurrence'.
src/services/citationIntelligenceService.ts(20,3): error TS2305: Module '"../../../shared/types.js"' has no exported member 'ConsistencyMatrixCell'.
src/services/citationParityAudit.ts(2,3): error TS2305: Module '"../../../shared/types.js"' has no exported member 'CitationParityAudit'.
src/services/citationParityAudit.ts(3,3): error TS2305: Module '"../../../shared/types.js"' has no exported member 'CitationDimensionKey'.
src/services/citationParityAudit.ts(4,3): error TS2305: Module '"../../../shared/types.js"' has no exported member 'CitationDimensionScore'.
src/services/citationParityAudit.ts(5,3): error TS2305: Module '"../../../shared/types.js"' has no exported member 'CitationEvidenceArtifact'.
src/services/citationParityAudit.ts(6,3): error TS2305: Module '"../../../shared/types.js"' has no exported member 'ModelParityCheck'.
src/services/citationRankingEngine.ts(13,15): error TS2305: Module '"../../../shared/types.js"' has no exported member 'NicheRankingEntry'.
src/services/citationRankingEngine.ts(13,34): error TS2305: Module '"../../../shared/types.js"' has no exported member 'NicheRankingResult'.
src/services/citationRankingEngine.ts(13,54): error TS2305: Module '"../../../shared/types.js"' has no exported member 'ModelShortName'.
src/services/citationRankingEngine.ts(13,70): error TS2305: Module '"../../../shared/types.js"' has no exported member 'ModelRole'.
src/services/citationScheduler.ts(12,15): error TS2305: Module '"../../../shared/types.js"' has no exported member 'ScheduledCitationJob'.
src/services/citationTester.ts(652,5): error TS2353: Object literal may only specify known properties, and 'wikipedia_search' does not exist in type 'CitationTestResult'.
src/services/citationTester.ts(682,9): error TS2353: Object literal may only specify known properties, and 'model_used' does not exist in type 'AICitationResult'.
src/services/citationTester.ts(759,5): error TS2353: Object literal may only specify known properties, and 'model_used' does not exist in type 'AICitationResult'.
src/services/dbCleanup.ts(53,18): error TS2339: Property 'maxStoredAudits' does not exist on type 'TierLimits'.
src/services/dbCleanup.ts(66,23): error TS2339: Property 'maxStoredAudits' does not exist on type 'TierLimits'.
src/services/engines/citationEngine.ts(9,15): error TS2305: Module '"../../../../shared/types.js"' has no exported member 'CitationReadinessOutput'.
src/services/engines/citationEngine.ts(9,40): error TS2305: Module '"../../../../shared/types.js"' has no exported member 'CitableSection'.
src/services/engines/engineComposer.ts(10,3): error TS2305: Module '"../../../../shared/types.js"' has no exported member 'IntelligenceAnalysisResponse'.
src/services/engines/engineComposer.ts(11,3): error TS2305: Module '"../../../../shared/types.js"' has no exported member 'CitationReadinessOutput'.
src/services/engines/engineComposer.ts(12,3): error TS2305: Module '"../../../../shared/types.js"' has no exported member 'TrustLayerOutput'.
src/services/engines/engineComposer.ts(13,3): error TS2305: Module '"../../../../shared/types.js"' has no exported member 'EntityGraphOutput'.
src/services/engines/engineComposer.ts(15,10): error TS2305: Module '"../../../../shared/types.js"' has no exported member 'getEnginesForTier'.
src/services/engines/engineComposer.ts(76,10): error TS2678: Type '"scorefix"' is not comparable to type 'CanonicalTier'.
src/services/engines/entityEngine.ts(9,15): error TS2305: Module '"../../../../shared/types.js"' has no exported member 'EntityGraphOutput'.
src/services/engines/trustEngine.ts(10,15): error TS2305: Module '"../../../../shared/types.js"' has no exported member 'TrustLayerOutput'.
src/services/evidenceExtractor.ts(10,33): error TS2305: Module '"../../../shared/types.js"' has no exported member 'SSFREvidenceItem'.
src/services/evidenceExtractor.ts(10,51): error TS2305: Module '"../../../shared/types.js"' has no exported member 'SSFRFamily'.
src/services/evidenceExtractor.ts(10,63): error TS2305: Module '"../../../shared/types.js"' has no exported member 'SSFREvidenceStatus'.
src/services/evidenceExtractor.ts(235,36): error TS2339: Property 'recommendation_evidence_summary' does not exist on type 'AnalysisResponse'.
src/services/evidenceExtractor.ts(245,24): error TS2339: Property 'geo_signal_profile' does not exist on type 'AnalysisResponse'.
src/services/evidenceExtractor.ts(258,35): error TS2339: Property 'contradiction_report' does not exist on type 'AnalysisResponse'.
src/services/fixpackGenerator.ts(10,3): error TS2305: Module '"../../../shared/types.js"' has no exported member 'SSFREvidenceItem'.
src/services/fixpackGenerator.ts(11,3): error TS2305: Module '"../../../shared/types.js"' has no exported member 'SSFRRuleResult'.
src/services/fixpackGenerator.ts(12,3): error TS2305: Module '"../../../shared/types.js"' has no exported member 'SSFRFixpack'.
src/services/fixpackGenerator.ts(13,3): error TS2305: Module '"../../../shared/types.js"' has no exported member 'SSFRFixpackAsset'.
src/services/fixpackGenerator.ts(14,3): error TS2305: Module '"../../../shared/types.js"' has no exported member 'SSFRFixpackType'.
src/services/fixpackGenerator.ts(15,3): error TS2305: Module '"../../../shared/types.js"' has no exported member 'SSFRRuleSeverity'.
src/services/newsletterService.ts(181,18): error TS7053: Element implicitly has an 'any' type because expression of type '"observer" | "alignment" | "signal" | "scorefix"' can't be used to index type 'Readonly<Record<CanonicalTier, TierLimits>>'.
  Property 'scorefix' does not exist on type 'Readonly<Record<CanonicalTier, TierLimits>>'.
src/services/nicheDiscoveryService.ts(392,31): error TS2339: Property 'allowedRescanFrequencies' does not exist on type 'TierLimits'.
src/services/nicheDiscoveryService.ts(401,29): error TS2551: Property 'maxScheduledRescans' does not exist on type 'TierLimits'. Did you mean 'hasScheduledRescans'?
src/services/platformDirectSearch.ts(6,15): error TS2305: Module '"../../../shared/types.js"' has no exported member 'AuthorityPlatform'.
src/services/privateExposureScanService.ts(2,3): error TS2305: Module '"../../../shared/types.js"' has no exported member 'PrivateExposureFinding'.
src/services/privateExposureScanService.ts(3,3): error TS2305: Module '"../../../shared/types.js"' has no exported member 'PrivateExposureFindingConfidence'.
src/services/privateExposureScanService.ts(4,3): error TS2305: Module '"../../../shared/types.js"' has no exported member 'PrivateExposureFindingDomain'.
src/services/privateExposureScanService.ts(5,3): error TS2305: Module '"../../../shared/types.js"' has no exported member 'PrivateExposureFindingSeverity'.
src/services/privateExposureScanService.ts(6,3): error TS2305: Module '"../../../shared/types.js"' has no exported member 'PrivateExposureFindingStatus'.
src/services/privateExposureScanService.ts(7,3): error TS2305: Module '"../../../shared/types.js"' has no exported member 'PrivateExposureScanReport'.
src/services/privateExposureScanService.ts(8,3): error TS2305: Module '"../../../shared/types.js"' has no exported member 'PrivateExposureScoreBand'.
src/services/privateExposureScanService.ts(9,3): error TS2305: Module '"../../../shared/types.js"' has no exported member 'PrivateExposureVerdict'.
src/services/privateExposureScanService.ts(10,3): error TS2305: Module '"../../../shared/types.js"' has no exported member 'PrivateExposureTargetType'.
src/services/reportDeliveryService.ts(170,43): error TS2339: Property 'maxReportDeliveries' does not exist on type 'TierLimits'.
src/services/seoRichnessValidator.ts(7,33): error TS2305: Module '"../../../shared/types.js"' has no exported member 'SeoDiagnostics'.
src/services/ssfrRuleEngine.ts(9,15): error TS2305: Module '"../../../shared/types.js"' has no exported member 'SSFREvidenceItem'.
src/services/ssfrRuleEngine.ts(9,33): error TS2305: Module '"../../../shared/types.js"' has no exported member 'SSFRRuleResult'.
src/services/ssfrRuleEngine.ts(9,49): error TS2305: Module '"../../../shared/types.js"' has no exported member 'SSFRFamily'.
src/services/ssfrRuleEngine.ts(9,61): error TS2305: Module '"../../../shared/types.js"' has no exported member 'SSFRRuleSeverity'.
src/services/ssfrVerificationService.ts(11,3): error TS2305: Module '"../../../shared/types.js"' has no exported member 'SSFREvidenceItem'.
src/services/ssfrVerificationService.ts(12,3): error TS2305: Module '"../../../shared/types.js"' has no exported member 'SSFRRuleResult'.
src/services/ssfrVerificationService.ts(13,3): error TS2305: Module '"../../../shared/types.js"' has no exported member 'SSFRFixpack'.
src/services/ssfrVerificationService.ts(14,3): error TS2305: Module '"../../../shared/types.js"' has no exported member 'SSFRVerificationStatus'.
src/services/textSummaryGenerator.ts(13,3): error TS2305: Module '"../../../shared/types.js"' has no exported member 'TextSummary'.
src/services/textSummaryGenerator.ts(15,3): error TS2305: Module '"../../../shared/types.js"' has no exported member 'TextSummaryFinding'.
src/services/textSummaryGenerator.ts(73,9): error TS2367: This comparison appears to be unintentional because the types 'TextSummaryDepth' and '"minimal"' have no overlap.
src/services/textSummaryGenerator.ts(126,7): error TS2367: This comparison appears to be unintentional because the types 'TextSummaryDepth' and '"minimal"' have no overlap.
src/services/textSummaryGenerator.ts(218,30): error TS2339: Property 'threat_intel' does not exist on type 'AnalysisResponse'.
src/services/textSummaryGenerator.ts(231,7): error TS2367: This comparison appears to be unintentional because the types 'TextSummaryDepth' and '"minimal"' have no overlap.
src/services/textSummaryGenerator.ts(271,7): error TS2367: This comparison appears to be unintentional because the types 'TextSummaryDepth' and '"minimal"' have no overlap.
src/services/textSummaryGenerator.ts(277,25): error TS2367: This comparison appears to be unintentional because the types 'TextSummaryDepth' and '"minimal"' have no overlap.
src/services/webhookService.ts(391,41): error TS2339: Property 'maxWebhooks' does not exist on type 'TierLimits'.
src/tailwind.config.ts(218,20): error TS7006: Parameter 'theme' implicitly has an 'any' type.
src/tailwind.config.ts(253,16): error TS7031: Binding element 'addUtilities' implicitly has an 'any' type.
src/tailwind.config.ts(253,30): error TS7031: Binding element 'theme' implicitly has an 'any' type.
src/test-analyze.ts(50,9): error TS18046: 'error' is of type 'unknown'.
src/test-analyze.ts(51,32): error TS18046: 'error' is of type 'unknown'.
src/test-analyze.ts(52,31): error TS18046: 'error' is of type 'unknown'.
src/test-analyze.ts(53,16): error TS18046: 'error' is of type 'unknown'.
src/test-analyze.ts(55,31): error TS18046: 'error' is of type 'unknown'.
src/test-analyze.ts(57,31): error TS18046: 'error' is of type 'unknown'.
src/utils/contentAnalyzer.ts(1,31): error TS2835: Relative import paths need explicit file extensions in ECMAScript imports when '--moduleResolution' is 'node16' or 'nodenext'. Did you mean './evidence.js'?
src/utils/contentAnalyzer.ts(6,39): error TS7006: Parameter 'extractedData' implicitly has an 'any' type.
src/utils/contentAnalyzer.ts(6,54): error TS7006: Parameter 'url' implicitly has an 'any' type.
src/utils/contentAnalyzer.ts(23,5): error TS2322: Type 'unknown' is not assignable to type 'number'.
src/utils/contentAnalyzer.ts(23,115): error TS18046: 'arr' is of type 'unknown'.
src/utils/contentAnalyzer.ts(60,106): error TS2345: Argument of type 'unknown' is not assignable to parameter of type 'string'.
src/utils/contentAnalyzer.ts(81,110): error TS2345: Argument of type 'unknown' is not assignable to parameter of type 'string'.
src/utils/contentAnalyzer.ts(102,110): error TS2345: Argument of type 'unknown' is not assignable to parameter of type 'string'.
src/utils/contentAnalyzer.ts(124,36): error TS7006: Parameter 'ld' implicitly has an 'any' type.
src/utils/contentAnalyzer.ts(126,42): error TS2345: Argument of type 'any' is not assignable to parameter of type 'never'.
src/utils/contentAnalyzer.ts(129,42): error TS2345: Argument of type 'string' is not assignable to parameter of type 'never'.
src/utils/contentAnalyzer.ts(145,47): error TS18046: 'error' is of type 'unknown'.
src/utils/contentExtractor.ts(2,31): error TS2835: Relative import paths need explicit file extensions in ECMAScript imports when '--moduleResolution' is 'node16' or 'nodenext'. Did you mean './evidence.js'?
src/utils/contentExtractor.ts(7,32): error TS7006: Parameter 'html' implicitly has an 'any' type.
src/utils/contentExtractor.ts(7,38): error TS7006: Parameter 'url' implicitly has an 'any' type.
src/utils/contentExtractor.ts(23,5): error TS2322: Type 'string' is not assignable to type 'null'.
src/utils/contentExtractor.ts(44,9): error TS7053: Element implicitly has an 'any' type because expression of type 'string' can't be used to index type '{}'.
  No index signature with a parameter of type 'string' was found on type '{}'.
src/utils/contentExtractor.ts(68,11): error TS7053: Element implicitly has an 'any' type because expression of type 'string' can't be used to index type '{ h1: never[]; h2: never[]; h3: never[]; h4: never[]; h5: never[]; h6: never[]; }'.
  No index signature with a parameter of type 'string' was found on type '{ h1: never[]; h2: never[]; h3: never[]; h4: never[]; h5: never[]; h6: never[]; }'.
src/utils/contentExtractor.ts(92,35): error TS2345: Argument of type 'string | null' is not assignable to parameter of type 'string'.
  Type 'null' is not assignable to type 'string'.
src/utils/contentExtractor.ts(93,35): error TS2345: Argument of type 'any' is not assignable to parameter of type 'never'.
src/utils/contentExtractor.ts(117,7): error TS2322: Type 'string' is not assignable to type 'null'.
src/utils/contentExtractor.ts(137,44): error TS2345: Argument of type '{ href: string; hreflang: string | undefined; }' is not assignable to parameter of type 'never'.
src/utils/contentExtractor.ts(175,5): error TS2322: Type 'string' is not assignable to type 'null'.
src/utils/contentExtractor.ts(176,31): error TS18047: 'extractedData.bodyText' is possibly 'null'.
src/utils/contentExtractor.ts(189,49): error TS18046: 'error' is of type 'unknown'.
src/utils/db.ts(1,18): error TS5097: An import path can only end with a '.ts' extension when 'allowImportingTsExtensions' is enabled.
src/utils/db.ts(9,29): error TS7006: Parameter 'text' implicitly has an 'any' type.
src/utils/db.ts(9,35): error TS7006: Parameter 'params' implicitly has an 'any' type.
src/utils/evidence.ts(10,33): error TS7031: Binding element 'proof' implicitly has an 'any' type.
src/utils/evidence.ts(10,40): error TS7031: Binding element 'source' implicitly has an 'any' type.
src/utils/evidence.ts(10,48): error TS7031: Binding element 'verifiedBy' implicitly has an 'any' type.
src/utils/evidence.ts(10,60): error TS7031: Binding element 'description' implicitly has an 'any' type.
src/utils/evidence.ts(37,39): error TS7006: Parameter 'claim' implicitly has an 'any' type.
src/utils/evidence.ts(37,46): error TS7006: Parameter 'evidenceObj' implicitly has an 'any' type.
src/utils/evidence.ts(46,40): error TS7006: Parameter 'evidenceArray' implicitly has an 'any' type.
src/utils/forensicPipeline.ts(1,41): error TS5097: An import path can only end with a '.ts' extension when 'allowImportingTsExtensions' is enabled.
src/utils/forensicPipeline.ts(2,48): error TS5097: An import path can only end with a '.ts' extension when 'allowImportingTsExtensions' is enabled.
src/utils/forensicPipeline.ts(3,32): error TS5097: An import path can only end with a '.ts' extension when 'allowImportingTsExtensions' is enabled.
src/utils/forensicPipeline.ts(4,40): error TS5097: An import path can only end with a '.ts' extension when 'allowImportingTsExtensions' is enabled.
src/utils/forensicPipeline.ts(5,39): error TS5097: An import path can only end with a '.ts' extension when 'allowImportingTsExtensions' is enabled.
src/utils/forensicPipeline.ts(6,100): error TS5097: An import path can only end with a '.ts' extension when 'allowImportingTsExtensions' is enabled.
src/utils/forensicPipeline.ts(7,31): error TS5097: An import path can only end with a '.ts' extension when 'allowImportingTsExtensions' is enabled.
src/utils/forensicPipeline.ts(13,43): error TS7006: Parameter 'inputUrl' implicitly has an 'any' type.
src/utils/forensicPipeline.ts(28,27): error TS2339: Property 'inputNormalization' does not exist on type '{}'.
src/utils/forensicPipeline.ts(29,37): error TS2345: Argument of type '{ status: string; proof: any; source: any; verifiedBy: any; description: any; timestamp: string; } | { status: string; proof: null; source: any; description: any; timestamp: string; verifiedBy?: undefined; }' is not assignable to parameter of type 'never'.
  Type '{ status: string; proof: any; source: any; verifiedBy: any; description: any; timestamp: string; }' is not assignable to type 'never'.
src/utils/forensicPipeline.ts(32,34): error TS2345: Argument of type 'string' is not assignable to parameter of type 'never'.
src/utils/forensicPipeline.ts(41,27): error TS2339: Property 'discovery' does not exist on type '{}'.
src/utils/forensicPipeline.ts(42,37): error TS2345: Argument of type '{ status: string; proof: any; source: any; verifiedBy: any; description: any; timestamp: string; } | { status: string; proof: null; source: any; description: any; timestamp: string; verifiedBy?: undefined; }' is not assignable to parameter of type 'never'.
  Type '{ status: string; proof: any; source: any; verifiedBy: any; description: any; timestamp: string; }' is not assignable to type 'never'.
src/utils/forensicPipeline.ts(47,27): error TS2339: Property 'crawl' does not exist on type '{}'.
src/utils/forensicPipeline.ts(48,37): error TS2345: Argument of type '{ status: string; proof: any; source: any; verifiedBy: any; description: any; timestamp: string; } | { status: string; proof: null; source: any; description: any; timestamp: string; verifiedBy?: undefined; }' is not assignable to parameter of type 'never'.
  Type '{ status: string; proof: any; source: any; verifiedBy: any; description: any; timestamp: string; }' is not assignable to type 'never'.
src/utils/forensicPipeline.ts(51,34): error TS2345: Argument of type '"Failed to fetch page content"' is not assignable to parameter of type 'never'.
src/utils/forensicPipeline.ts(52,39): error TS2345: Argument of type '{ status: string; proof: any; source: any; verifiedBy: any; description: any; timestamp: string; } | { status: string; proof: null; source: any; description: any; timestamp: string; verifiedBy?: undefined; }' is not assignable to parameter of type 'never'.
  Type '{ status: string; proof: any; source: any; verifiedBy: any; description: any; timestamp: string; }' is not assignable to type 'never'.
src/utils/forensicPipeline.ts(52,53): error TS2345: Argument of type '{ proof: null; source: string | null; description: string; }' is not assignable to parameter of type '{ proof: any; source: any; verifiedBy: any; description: any; }'.
  Property 'verifiedBy' is missing in type '{ proof: null; source: string | null; description: string; }' but required in type '{ proof: any; source: any; verifiedBy: any; description: any; }'.
src/utils/forensicPipeline.ts(63,27): error TS2339: Property 'extraction' does not exist on type '{}'.
src/utils/forensicPipeline.ts(64,37): error TS2345: Argument of type 'any' is not assignable to parameter of type 'never'.
src/utils/forensicPipeline.ts(69,27): error TS2339: Property 'technicalChecks' does not exist on type '{}'.
src/utils/forensicPipeline.ts(70,37): error TS2345: Argument of type '{ status: string; proof: any; source: any; verifiedBy: any; description: any; timestamp: string; } | { status: string; proof: null; source: any; description: any; timestamp: string; verifiedBy?: undefined; }' is not assignable to parameter of type 'never'.
  Type '{ status: string; proof: any; source: any; verifiedBy: any; description: any; timestamp: string; }' is not assignable to type 'never'.
src/utils/forensicPipeline.ts(75,27): error TS2339: Property 'contentClarity' does not exist on type '{}'.
src/utils/forensicPipeline.ts(76,37): error TS2345: Argument of type 'any' is not assignable to parameter of type 'never'.
src/utils/forensicPipeline.ts(80,37): error TS2345: Argument of type '{ status: string; proof: any; source: any; verifiedBy: any; description: any; timestamp: string; } | { status: string; proof: null; source: any; description: any; timestamp: string; verifiedBy?: undefined; }' is not assignable to parameter of type 'never'.
  Type '{ status: string; proof: any; source: any; verifiedBy: any; description: any; timestamp: string; }' is not assignable to type 'never'.
src/utils/forensicPipeline.ts(96,20): error TS2339: Property 'visibilityStatus' does not exist on type '{ success: boolean; stages: {}; allEvidence: never[]; scores: {}; risks: never[]; recommendations: never[]; errors: never[]; }'.
src/utils/forensicPipeline.ts(96,87): error TS2339: Property 'overall' does not exist on type '{}'.
src/utils/forensicPipeline.ts(97,5): error TS2322: Type '{ category: string; severity: string; description: string; recommendation: string; }[]' is not assignable to type 'never[]'.
  Type '{ category: string; severity: string; description: string; recommendation: string; }' is not assignable to type 'never'.
src/utils/forensicPipeline.ts(98,5): error TS2322: Type 'any[]' is not assignable to type 'never[]'.
  Type 'any' is not assignable to type 'never'.
src/utils/forensicPipeline.ts(104,32): error TS2345: Argument of type 'string' is not assignable to parameter of type 'never'.
src/utils/forensicPipeline.ts(104,61): error TS18046: 'error' is of type 'unknown'.
src/utils/forensicPipeline.ts(105,37): error TS2345: Argument of type '{ status: string; proof: any; source: any; verifiedBy: any; description: any; timestamp: string; } | { status: string; proof: null; source: any; description: any; timestamp: string; verifiedBy?: undefined; }' is not assignable to parameter of type 'never'.
  Type '{ status: string; proof: any; source: any; verifiedBy: any; description: any; timestamp: string; }' is not assignable to type 'never'.
src/utils/forensicPipeline.ts(105,51): error TS2345: Argument of type '{ proof: null; source: any; description: string; }' is not assignable to parameter of type '{ proof: any; source: any; verifiedBy: any; description: any; }'.
  Property 'verifiedBy' is missing in type '{ proof: null; source: any; description: string; }' but required in type '{ proof: any; source: any; verifiedBy: any; description: any; }'.
src/utils/forensicPipeline.ts(108,45): error TS18046: 'error' is of type 'unknown'.
src/utils/redisClient.ts(1,19): error TS5097: An import path can only end with a '.ts' extension when 'allowImportingTsExtensions' is enabled.
src/utils/redisClient.ts(9,32): error TS7006: Parameter 'key' implicitly has an 'any' type.
src/utils/redisClient.ts(9,37): error TS7006: Parameter 'value' implicitly has an 'any' type.
src/utils/redisClient.ts(23,32): error TS7006: Parameter 'key' implicitly has an 'any' type.
src/utils/redisClient.ts(43,32): error TS7006: Parameter 'key' implicitly has an 'any' type.
src/utils/redisClient.ts(57,35): error TS7006: Parameter 'key' implicitly has an 'any' type.
src/utils/scoringEngine.ts(5,33): error TS7006: Parameter 'allEvidence' implicitly has an 'any' type.
src/utils/scoringEngine.ts(5,46): error TS7006: Parameter 'discoveryData' implicitly has an 'any' type.
src/utils/scoringEngine.ts(5,61): error TS7006: Parameter 'technicalData' implicitly has an 'any' type.
src/utils/scoringEngine.ts(5,76): error TS7006: Parameter 'contentData' implicitly has an 'any' type.
src/utils/scoringEngine.ts(104,43): error TS7006: Parameter 'overallScore' implicitly has an 'any' type.
src/utils/scoringEngine.ts(110,31): error TS7006: Parameter 'scores' implicitly has an 'any' type.
src/utils/scoringEngine.ts(110,39): error TS7006: Parameter 'technicalData' implicitly has an 'any' type.
src/utils/scoringEngine.ts(110,54): error TS7006: Parameter 'contentData' implicitly has an 'any' type.
src/utils/scoringEngine.ts(170,41): error TS7006: Parameter 'scores' implicitly has an 'any' type.
src/utils/scoringEngine.ts(170,49): error TS7006: Parameter 'risks' implicitly has an 'any' type.
src/utils/scoringEngine.ts(171,9): error TS7034: Variable 'recommendations' implicitly has type 'any[]' in some locations where its type cannot be determined.
src/utils/scoringEngine.ts(176,29): error TS18046: 'a' is of type 'unknown'.
src/utils/scoringEngine.ts(176,33): error TS18046: 'b' is of type 'unknown'.
src/utils/scoringEngine.ts(179,9): error TS18046: 'score' is of type 'unknown'.
src/utils/scoringEngine.ts(182,19): error TS18046: 'score' is of type 'unknown'.
src/utils/scoringEngine.ts(190,17): error TS7006: Parameter 'risk' implicitly has an 'any' type.
src/utils/scoringEngine.ts(201,10): error TS7005: Variable 'recommendations' implicitly has an 'any[]' type.
src/utils/stripe.ts(3,5): error TS7034: Variable 'stripeInstance' implicitly has type 'any' in some locations where its type cannot be determined.
src/utils/stripe.ts(6,8): error TS7005: Variable 'stripeInstance' implicitly has an 'any' type.
src/utils/stripe.ts(9,7): error TS2322: Type '"2023-10-16"' is not assignable to type '"2025-02-24.acacia"'.
src/utils/stripe.ts(15,50): error TS7006: Parameter 'tenantId' implicitly has an 'any' type.
src/utils/stripe.ts(15,60): error TS7006: Parameter 'email' implicitly has an 'any' type.
src/utils/stripe.ts(36,41): error TS7006: Parameter 'accountId' implicitly has an 'any' type.
src/utils/stripe.ts(36,52): error TS7006: Parameter 'refreshUrl' implicitly has an 'any' type.
src/utils/stripe.ts(36,64): error TS7006: Parameter 'returnUrl' implicitly has an 'any' type.
src/utils/stripe.ts(54,60): error TS7006: Parameter 'brand' implicitly has an 'any' type.
src/utils/stripe.ts(54,67): error TS7006: Parameter 'user' implicitly has an 'any' type.
src/utils/stripe.ts(54,73): error TS7006: Parameter 'priceId' implicitly has an 'any' type.
src/utils/stripe.ts(54,82): error TS7006: Parameter 'amount' implicitly has an 'any' type.
src/utils/technicalChecker.ts(1,31): error TS5097: An import path can only end with a '.ts' extension when 'allowImportingTsExtensions' is enabled.
src/utils/technicalChecker.ts(6,40): error TS7006: Parameter 'crawlData' implicitly has an 'any' type.
src/utils/technicalChecker.ts(6,51): error TS7006: Parameter 'extractedData' implicitly has an 'any' type.
src/utils/technicalChecker.ts(6,66): error TS7006: Parameter 'url' implicitly has an 'any' type.
src/utils/technicalChecker.ts(45,35): error TS2345: Argument of type '{ proof: null; source: any; description: string; }' is not assignable to parameter of type '{ proof: any; source: any; verifiedBy: any; description: any; }'.
  Property 'verifiedBy' is missing in type '{ proof: null; source: any; description: string; }' but required in type '{ proof: any; source: any; verifiedBy: any; description: any; }'.
src/utils/technicalChecker.ts(82,35): error TS2345: Argument of type '{ proof: null; source: any; description: string; }' is not assignable to parameter of type '{ proof: any; source: any; verifiedBy: any; description: any; }'.
  Property 'verifiedBy' is missing in type '{ proof: null; source: any; description: string; }' but required in type '{ proof: any; source: any; verifiedBy: any; description: any; }'.
src/utils/technicalChecker.ts(99,35): error TS2345: Argument of type '{ proof: null; source: any; description: string; }' is not assignable to parameter of type '{ proof: any; source: any; verifiedBy: any; description: any; }'.
  Property 'verifiedBy' is missing in type '{ proof: null; source: any; description: string; }' but required in type '{ proof: any; source: any; verifiedBy: any; description: any; }'.
src/utils/technicalChecker.ts(116,35): error TS2345: Argument of type '{ proof: null; source: any; description: string; }' is not assignable to parameter of type '{ proof: any; source: any; verifiedBy: any; description: any; }'.
  Property 'verifiedBy' is missing in type '{ proof: null; source: any; description: string; }' but required in type '{ proof: any; source: any; verifiedBy: any; description: any; }'.
src/utils/technicalChecker.ts(133,35): error TS2345: Argument of type '{ proof: null; source: any; description: string; }' is not assignable to parameter of type '{ proof: any; source: any; verifiedBy: any; description: any; }'.
  Property 'verifiedBy' is missing in type '{ proof: null; source: any; description: string; }' but required in type '{ proof: any; source: any; verifiedBy: any; description: any; }'.
src/utils/technicalChecker.ts(151,35): error TS2345: Argument of type '{ proof: null; source: any; description: string; }' is not assignable to parameter of type '{ proof: any; source: any; verifiedBy: any; description: any; }'.
  Property 'verifiedBy' is missing in type '{ proof: null; source: any; description: string; }' but required in type '{ proof: any; source: any; verifiedBy: any; description: any; }'.
src/utils/technicalChecker.ts(162,7): error TS2322: Type 'string[]' is not assignable to type 'never[]'.
  Type 'string' is not assignable to type 'never'.
src/utils/technicalChecker.ts(170,35): error TS2345: Argument of type '{ proof: null; source: any; description: string; }' is not assignable to parameter of type '{ proof: any; source: any; verifiedBy: any; description: any; }'.
  Property 'verifiedBy' is missing in type '{ proof: null; source: any; description: string; }' but required in type '{ proof: any; source: any; verifiedBy: any; description: any; }'.
src/utils/technicalChecker.ts(181,7): error TS2322: Type 'string[]' is not assignable to type 'never[]'.
  Type 'string' is not assignable to type 'never'.
src/utils/technicalChecker.ts(189,35): error TS2345: Argument of type '{ proof: null; source: any; description: string; }' is not assignable to parameter of type '{ proof: any; source: any; verifiedBy: any; description: any; }'.
  Property 'verifiedBy' is missing in type '{ proof: null; source: any; description: string; }' but required in type '{ proof: any; source: any; verifiedBy: any; description: any; }'.
src/utils/technicalChecker.ts(199,61): error TS7006: Parameter 'ld' implicitly has an 'any' type.
src/utils/technicalChecker.ts(207,35): error TS2345: Argument of type '{ proof: null; source: any; description: string; }' is not assignable to parameter of type '{ proof: any; source: any; verifiedBy: any; description: any; }'.
  Property 'verifiedBy' is missing in type '{ proof: null; source: any; description: string; }' but required in type '{ proof: any; source: any; verifiedBy: any; description: any; }'.
src/utils/technicalChecker.ts(215,33): error TS2345: Argument of type '{ proof: null; source: any; description: string; }' is not assignable to parameter of type '{ proof: any; source: any; verifiedBy: any; description: any; }'.
  Property 'verifiedBy' is missing in type '{ proof: null; source: any; description: string; }' but required in type '{ proof: any; source: any; verifiedBy: any; description: any; }'.
src/utils/technicalChecker.ts(218,47): error TS18046: 'error' is of type 'unknown'.
src/utils/urlValidator.ts(1,22): error TS7016: Could not find a declaration file for module 'punycode/punycode.ts'. 'C:/Users/Ma$e/Desktop/aivis/aivis/server/node_modules/punycode/punycode.js' implicitly has an 'any' type.
  Try `npm i --save-dev @types/punycode` if it exists or add a new declaration (.d.ts) file containing `declare module 'punycode/punycode.ts';`
src/utils/urlValidator.ts(3,31): error TS5097: An import path can only end with a '.ts' extension when 'allowImportingTsExtensions' is enabled.
src/utils/urlValidator.ts(8,22): error TS7006: Parameter 'ip' implicitly has an 'any' type.
src/utils/urlValidator.ts(10,40): error TS7006: Parameter 'p' implicitly has an 'any' type.
src/utils/urlValidator.ts(29,41): error TS7006: Parameter 'inputUrl' implicitly has an 'any' type.
src/utils/urlValidator.ts(46,35): error TS2345: Argument of type '{ proof: null; source: string; description: string; }' is not assignable to parameter of type '{ proof: any; source: any; verifiedBy: any; description: any; }'.
  Property 'verifiedBy' is missing in type '{ proof: null; source: string; description: string; }' but required in type '{ proof: any; source: any; verifiedBy: any; description: any; }'.
src/utils/urlValidator.ts(49,55): error TS18046: 'error' is of type 'unknown'.
src/utils/urlValidator.ts(57,35): error TS2345: Argument of type '{ proof: null; source: string; description: string; }' is not assignable to parameter of type '{ proof: any; source: any; verifiedBy: any; description: any; }'.
  Property 'verifiedBy' is missing in type '{ proof: null; source: string; description: string; }' but required in type '{ proof: any; source: any; verifiedBy: any; description: any; }'.
src/utils/urlValidator.ts(85,35): error TS2345: Argument of type '{ proof: null; source: string; description: string; }' is not assignable to parameter of type '{ proof: any; source: any; verifiedBy: any; description: any; }'.
  Property 'verifiedBy' is missing in type '{ proof: null; source: string; description: string; }' but required in type '{ proof: any; source: any; verifiedBy: any; description: any; }'.
src/utils/urlValidator.ts(88,53): error TS18046: 'error' is of type 'unknown'.
src/utils/urlValidator.ts(98,35): error TS2345: Argument of type '{ proof: null; source: string; description: string; }' is not assignable to parameter of type '{ proof: any; source: any; verifiedBy: any; description: any; }'.
  Property 'verifiedBy' is missing in type '{ proof: null; source: string; description: string; }' but required in type '{ proof: any; source: any; verifiedBy: any; description: any; }'.
src/utils/urlValidator.ts(110,35): error TS2345: Argument of type '{ proof: null; source: string; description: string; }' is not assignable to parameter of type '{ proof: any; source: any; verifiedBy: any; description: any; }'.
  Property 'verifiedBy' is missing in type '{ proof: null; source: string; description: string; }' but required in type '{ proof: any; source: any; verifiedBy: any; description: any; }'.
src/utils/urlValidator.ts(131,37): error TS2345: Argument of type '{ proof: null; source: string; description: string; }' is not assignable to parameter of type '{ proof: any; source: any; verifiedBy: any; description: any; }'.
  Property 'verifiedBy' is missing in type '{ proof: null; source: string; description: string; }' but required in type '{ proof: any; source: any; verifiedBy: any; description: any; }'.
src/utils/urlValidator.ts(172,38): error TS18046: 'error' is of type 'unknown'.
src/utils/urlValidator.ts(173,33): error TS2345: Argument of type '{ proof: null; source: string; description: string; }' is not assignable to parameter of type '{ proof: any; source: any; verifiedBy: any; description: any; }'.
  Property 'verifiedBy' is missing in type '{ proof: null; source: string; description: string; }' but required in type '{ proof: any; source: any; verifiedBy: any; description: any; }'.
src/utils/urlValidator.ts(176,52): error TS18046: 'error' is of type 'unknown'.
src/utils/webCrawler.ts(4,31): error TS5097: An import path can only end with a '.ts' extension when 'allowImportingTsExtensions' is enabled.
src/utils/webCrawler.ts(9,40): error TS7006: Parameter 'baseUrl' implicitly has an 'any' type.
src/utils/webCrawler.ts(30,24): error TS2349: This expression is not callable.
  Type 'typeof import("C:/Users/Ma$e/Desktop/aivis/aivis/server/node_modules/robots-parser/index")' has no call signatures.
src/utils/webCrawler.ts(50,37): error TS2345: Argument of type '{ proof: null; source: string; description: string; }' is not assignable to parameter of type '{ proof: any; source: any; verifiedBy: any; description: any; }'.
  Property 'verifiedBy' is missing in type '{ proof: null; source: string; description: string; }' but required in type '{ proof: any; source: any; verifiedBy: any; description: any; }'.
src/utils/webCrawler.ts(57,35): error TS2345: Argument of type '{ proof: null; source: string; description: string; }' is not assignable to parameter of type '{ proof: any; source: any; verifiedBy: any; description: any; }'.
  Property 'verifiedBy' is missing in type '{ proof: null; source: string; description: string; }' but required in type '{ proof: any; source: any; verifiedBy: any; description: any; }'.
src/utils/webCrawler.ts(60,53): error TS18046: 'error' is of type 'unknown'.
src/utils/webCrawler.ts(97,37): error TS2345: Argument of type '{ proof: null; source: string; description: string; }' is not assignable to parameter of type '{ proof: any; source: any; verifiedBy: any; description: any; }'.
  Property 'verifiedBy' is missing in type '{ proof: null; source: string; description: string; }' but required in type '{ proof: any; source: any; verifiedBy: any; description: any; }'.
src/utils/webCrawler.ts(104,35): error TS2345: Argument of type '{ proof: null; source: string; description: string; }' is not assignable to parameter of type '{ proof: any; source: any; verifiedBy: any; description: any; }'.
  Property 'verifiedBy' is missing in type '{ proof: null; source: string; description: string; }' but required in type '{ proof: any; source: any; verifiedBy: any; description: any; }'.
src/utils/webCrawler.ts(107,54): error TS18046: 'error' is of type 'unknown'.
src/utils/webCrawler.ts(112,33): error TS2345: Argument of type '{ proof: null; source: string; description: string; }' is not assignable to parameter of type '{ proof: any; source: any; verifiedBy: any; description: any; }'.
  Property 'verifiedBy' is missing in type '{ proof: null; source: string; description: string; }' but required in type '{ proof: any; source: any; verifiedBy: any; description: any; }'.
src/utils/webCrawler.ts(115,46): error TS18046: 'error' is of type 'unknown'.
src/utils/webCrawler.ts(125,36): error TS7006: Parameter 'url' implicitly has an 'any' type.
src/utils/webCrawler.ts(149,29): error TS2339: Property 'totalTime' does not exist on type '{}'.
src/utils/webCrawler.ts(150,5): error TS2322: Type 'number' is not assignable to type 'null'.
src/utils/webCrawler.ts(155,77): error TS2339: Property 'totalTime' does not exist on type '{}'.
src/utils/webCrawler.ts(163,36): error TS2345: Argument of type '{ count: any; finalUrl: any; }' is not assignable to parameter of type 'never'.
src/utils/webCrawler.ts(190,23): error TS18046: 'error' is of type 'unknown'.
src/utils/webCrawler.ts(192,9): error TS18046: 'error' is of type 'unknown'.
src/utils/webCrawler.ts(193,35): error TS2345: Argument of type '{ proof: null; source: any; description: string; }' is not assignable to parameter of type '{ proof: any; source: any; verifiedBy: any; description: any; }'.
  Property 'verifiedBy' is missing in type '{ proof: null; source: any; description: string; }' but required in type '{ proof: any; source: any; verifiedBy: any; description: any; }'.
src/utils/webCrawler.ts(198,16): error TS18046: 'error' is of type 'unknown'.
src/utils/webCrawler.ts(199,35): error TS2345: Argument of type '{ proof: null; source: any; description: string; }' is not assignable to parameter of type '{ proof: any; source: any; verifiedBy: any; description: any; }'.
  Property 'verifiedBy' is missing in type '{ proof: null; source: any; description: string; }' but required in type '{ proof: any; source: any; verifiedBy: any; description: any; }'.
src/utils/webCrawler.ts(205,35): error TS2345: Argument of type '{ proof: null; source: any; description: string; }' is not assignable to parameter of type '{ proof: any; source: any; verifiedBy: any; description: any; }'.
  Property 'verifiedBy' is missing in type '{ proof: null; source: any; description: string; }' but required in type '{ proof: any; source: any; verifiedBy: any; description: any; }'.
src/utils/webCrawler.ts(208,39): error TS18046: 'error' is of type 'unknown'.
src/vite.config.ts(17,13): error TS2769: No overload matches this call.
  The last overload gave the following error.
    Type 'Plugin<any>[]' is not assignable to type 'PluginOption'.
      Type 'Plugin<any>[]' is not assignable to type 'PluginOption[]'.
        Type 'Plugin<any>' is not assignable to type 'PluginOption'.
          Type 'import("C:/Users/Ma$e/node_modules/vite/dist/node/index", { with: { "resolution-mode": "import" } }).Plugin<any>' is not assignable to type 'import("C:/Users/Ma$e/Desktop/aivis/aivis/server/node_modules/vite/dist/node/index", { with: { "resolution-mode": "import" } }).Plugin<any>'.
            Types of property 'hotUpdate' are incompatible.
              Type 'ObjectHook<(this: HotUpdatePluginContext, options: HotUpdateOptions) => void | EnvironmentModuleNode[] | Promise<void | EnvironmentModuleNode[]>> | undefined' is not assignable to type 'ObjectHook<(this: MinimalPluginContext & { environment: DevEnvironment; }, options: HotUpdateOptions) => void | EnvironmentModuleNode[] | Promise<...>> | undefined'.
                Type '(this: HotUpdatePluginContext, options: HotUpdateOptions) => void | EnvironmentModuleNode[] | Promise<void | EnvironmentModuleNode[]>' is not assignable to type 'ObjectHook<(this: MinimalPluginContext & { environment: DevEnvironment; }, options: HotUpdateOptions) => void | EnvironmentModuleNode[] | Promise<...>> | undefined'.
                  Type '(this: HotUpdatePluginContext, options: HotUpdateOptions) => void | EnvironmentModuleNode[] | Promise<void | EnvironmentModuleNode[]>' is not assignable to type '(this: MinimalPluginContext & { environment: DevEnvironment; }, options: HotUpdateOptions) => void | EnvironmentModuleNode[] | Promise<...>'.
                    The 'this' types of each signature are incompatible.
                      Type 'MinimalPluginContext & { environment: DevEnvironment; }' is not assignable to type 'HotUpdatePluginContext'.
                        Types of property 'environment' are incompatible.
                          Property 'options' is missing in type 'import("C:/Users/Ma$e/Desktop/aivis/aivis/server/node_modules/vite/dist/node/index", { with: { "resolution-mode": "import" } }).DevEnvironment' but required in type 'import("C:/Users/Ma$e/node_modules/vite/dist/node/index", { with: { "resolution-mode": "import" } }).DevEnvironment'.
src/vitest.config.ts(6,13): error TS2769: No overload matches this call.
  The last overload gave the following error.
    Type 'Plugin<any>[]' is not assignable to type 'PluginOption'.
      Type 'Plugin<any>[]' is not assignable to type 'PluginOption[]'.
        Type 'Plugin<any>' is not assignable to type 'PluginOption'.
          Type 'import("C:/Users/Ma$e/node_modules/vite/dist/node/index", { with: { "resolution-mode": "import" } }).Plugin<any>' is not assignable to type 'import("C:/Users/Ma$e/Desktop/aivis/aivis/server/node_modules/vite/dist/node/index", { with: { "resolution-mode": "import" } }).Plugin<any>'.
            Types of property 'hotUpdate' are incompatible.
              Type 'ObjectHook<(this: HotUpdatePluginContext, options: HotUpdateOptions) => void | EnvironmentModuleNode[] | Promise<void | EnvironmentModuleNode[]>> | undefined' is not assignable to type 'ObjectHook<(this: MinimalPluginContext & { environment: DevEnvironment; }, options: HotUpdateOptions) => void | EnvironmentModuleNode[] | Promise<...>> | undefined'.
                Type '(this: HotUpdatePluginContext, options: HotUpdateOptions) => void | EnvironmentModuleNode[] | Promise<void | EnvironmentModuleNode[]>' is not assignable to type 'ObjectHook<(this: MinimalPluginContext & { environment: DevEnvironment; }, options: HotUpdateOptions) => void | EnvironmentModuleNode[] | Promise<...>> | undefined'.
                  Type '(this: HotUpdatePluginContext, options: HotUpdateOptions) => void | EnvironmentModuleNode[] | Promise<void | EnvironmentModuleNode[]>' is not assignable to type '(this: MinimalPluginContext & { environment: DevEnvironment; }, options: HotUpdateOptions) => void | EnvironmentModuleNode[] | Promise<...>'.
                    The 'this' types of each signature are incompatible.
                      Type 'MinimalPluginContext & { environment: DevEnvironment; }' is not assignable to type 'HotUpdatePluginContext'.
                        Types of property 'environment' are incompatible.
                          Property 'options' is missing in type 'import("C:/Users/Ma$e/Desktop/aivis/aivis/server/node_modules/vite/dist/node/index", { with: { "resolution-mode": "import" } }).DevEnvironment' but required in type 'import("C:/Users/Ma$e/node_modules/vite/dist/node/index", { with: { "resolution-mode": "import" } }).DevEnvironment'.
src/vitest.setup.ts(3,25): error TS2307: Cannot find module '@testing-library/react' or its corresponding type declarations.
../shared/types.ts(240,13): error TS2352: Conversion of type 'AnalysisResponse' to type 'Record<string, unknown>' may be a mistake because neither type sufficiently overlaps with the other. If this was intentional, convert the expression to 'unknown' first.
  Index signature for type 'string' is missing in type 'AnalysisResponse'.
